Component: ARM Compiler 5.06 update 6 (build 750) Tool: armlink [4d35ed]

==============================================================================

Section Cross References

    usbd_custom_hid_if.o(i.CustomHID_GetFeature) refers to stm32f1xx_hal_gpio.o(i.HAL_GPIO_ReadPin) for HAL_GPIO_ReadPin
    usbd_custom_hid_if.o(i.CustomHID_GetFeature) refers to main.o(i.ADC_V) for ADC_V
    usbd_custom_hid_if.o(i.CustomHID_GetFeature) refers to usbd_custom_hid_if.o(i.CustomHID_FeatureReportLength) for CustomHID_FeatureReportLength
    usbd_custom_hid_if.o(i.CustomHID_SetFeature) refers to main.o(i.RGB_POWER) for RGB_POWER
    usbd_custom_hid_if.o(i.CustomHID_SetFeature) refers to ssd1306.o(i.ssd1306_DrawPixel) for ssd1306_DrawPixel
    usbd_custom_hid_if.o(i.CustomHID_SetFeature) refers to main.o(i.PlayMCMelody) for PlayMCMelody
    usbd_custom_hid_if.o(i.CustomHID_SetFeature) refers to main.o(i.PlayNeverMeant) for PlayNeverMeant
    usbd_custom_hid_if.o(i.CustomHID_SetFeature) refers to usbd_custom_hid_if.o(.data) for RGB
    usbd_custom_hid_if.o(i.USBD_CUSTOM_HID_SendReport_FS) refers to usbd_customhid.o(i.USBD_CUSTOM_HID_SendReport) for USBD_CUSTOM_HID_SendReport
    usbd_custom_hid_if.o(i.USBD_CUSTOM_HID_SendReport_FS) refers to usb_device.o(.bss) for hUsbDeviceFS
    usbd_custom_hid_if.o(.data) refers to usbd_custom_hid_if.o(i.CUSTOM_HID_Init_FS) for CUSTOM_HID_Init_FS
    usbd_custom_hid_if.o(.data) refers to usbd_custom_hid_if.o(i.CUSTOM_HID_DeInit_FS) for CUSTOM_HID_DeInit_FS
    usbd_custom_hid_if.o(.data) refers to usbd_custom_hid_if.o(i.CUSTOM_HID_OutEvent_FS) for CUSTOM_HID_OutEvent_FS
    usbd_custom_hid_if.o(.data) refers to usbd_custom_hid_if.o(i.CustomHID_SetFeature) for CustomHID_SetFeature
    usbd_custom_hid_if.o(.data) refers to usbd_custom_hid_if.o(i.CustomHID_GetFeature) for CustomHID_GetFeature
    usbd_desc.o(i.USBD_FS_ConfigStrDescriptor) refers to usbd_ctlreq.o(i.USBD_GetString) for USBD_GetString
    usbd_desc.o(i.USBD_FS_ConfigStrDescriptor) refers to usbd_desc.o(.bss) for USBD_StrDesc
    usbd_desc.o(i.USBD_FS_DeviceDescriptor) refers to usbd_desc.o(.data) for USBD_FS_DeviceDesc
    usbd_desc.o(i.USBD_FS_InterfaceStrDescriptor) refers to usbd_ctlreq.o(i.USBD_GetString) for USBD_GetString
    usbd_desc.o(i.USBD_FS_InterfaceStrDescriptor) refers to usbd_desc.o(.bss) for USBD_StrDesc
    usbd_desc.o(i.USBD_FS_LangIDStrDescriptor) refers to usbd_desc.o(.data) for USBD_LangIDDesc
    usbd_desc.o(i.USBD_FS_ManufacturerStrDescriptor) refers to usbd_ctlreq.o(i.USBD_GetString) for USBD_GetString
    usbd_desc.o(i.USBD_FS_ManufacturerStrDescriptor) refers to usbd_desc.o(.bss) for USBD_StrDesc
    usbd_desc.o(i.USBD_FS_ProductStrDescriptor) refers to usbd_ctlreq.o(i.USBD_GetString) for USBD_GetString
    usbd_desc.o(i.USBD_FS_ProductStrDescriptor) refers to usbd_desc.o(.bss) for USBD_StrDesc
    usbd_desc.o(i.USBD_FS_SerialStrDescriptor) refers to usbd_ctlreq.o(i.USBD_GetString) for USBD_GetString
    usbd_desc.o(i.USBD_FS_SerialStrDescriptor) refers to usbd_desc.o(.bss) for USBD_StrDesc
    usbd_desc.o(.data) refers to usbd_desc.o(i.USBD_FS_DeviceDescriptor) for USBD_FS_DeviceDescriptor
    usbd_desc.o(.data) refers to usbd_desc.o(i.USBD_FS_LangIDStrDescriptor) for USBD_FS_LangIDStrDescriptor
    usbd_desc.o(.data) refers to usbd_desc.o(i.USBD_FS_ManufacturerStrDescriptor) for USBD_FS_ManufacturerStrDescriptor
    usbd_desc.o(.data) refers to usbd_desc.o(i.USBD_FS_ProductStrDescriptor) for USBD_FS_ProductStrDescriptor
    usbd_desc.o(.data) refers to usbd_desc.o(i.USBD_FS_SerialStrDescriptor) for USBD_FS_SerialStrDescriptor
    usbd_desc.o(.data) refers to usbd_desc.o(i.USBD_FS_ConfigStrDescriptor) for USBD_FS_ConfigStrDescriptor
    usbd_desc.o(.data) refers to usbd_desc.o(i.USBD_FS_InterfaceStrDescriptor) for USBD_FS_InterfaceStrDescriptor
    fonts.o(.data) refers to fonts.o(.constdata) for Font7x9_EN
    main.o(i.ADC_T) refers to stm32f1xx_hal_adc.o(i.HAL_ADC_ConfigChannel) for HAL_ADC_ConfigChannel
    main.o(i.ADC_T) refers to stm32f1xx_hal_adc.o(i.HAL_ADC_Start) for HAL_ADC_Start
    main.o(i.ADC_T) refers to stm32f1xx_hal_adc.o(i.HAL_ADC_PollForConversion) for HAL_ADC_PollForConversion
    main.o(i.ADC_T) refers to stm32f1xx_hal_adc.o(i.HAL_ADC_GetValue) for HAL_ADC_GetValue
    main.o(i.ADC_T) refers to stm32f1xx_hal_adc.o(i.HAL_ADC_Stop) for HAL_ADC_Stop
    main.o(i.ADC_T) refers to main.o(.bss) for hadc1
    main.o(i.ADC_V) refers to stm32f1xx_hal_adc.o(i.HAL_ADC_ConfigChannel) for HAL_ADC_ConfigChannel
    main.o(i.ADC_V) refers to stm32f1xx_hal_adc.o(i.HAL_ADC_Start) for HAL_ADC_Start
    main.o(i.ADC_V) refers to stm32f1xx_hal_adc.o(i.HAL_ADC_PollForConversion) for HAL_ADC_PollForConversion
    main.o(i.ADC_V) refers to stm32f1xx_hal_adc.o(i.HAL_ADC_GetValue) for HAL_ADC_GetValue
    main.o(i.ADC_V) refers to stm32f1xx_hal_adc.o(i.HAL_ADC_Stop) for HAL_ADC_Stop
    main.o(i.ADC_V) refers to main.o(.bss) for hadc1
[...]
    TIM_TI1_ConfigInputStage                 0x08003cc5   Thumb Code    42  stm32f1xx_hal_tim.o(i.TIM_TI1_ConfigInputStage)
    i.TIM_TI2_ConfigInputStage               0x08003cee   Section        0  stm32f1xx_hal_tim.o(i.TIM_TI2_ConfigInputStage)
    TIM_TI2_ConfigInputStage                 0x08003cef   Thumb Code    44  stm32f1xx_hal_tim.o(i.TIM_TI2_ConfigInputStage)
    i.USBD_CUSTOM_HID_DataIn                 0x08003d1a   Section        0  usbd_customhid.o(i.USBD_CUSTOM_HID_DataIn)
    USBD_CUSTOM_HID_DataIn                   0x08003d1b   Thumb Code    14  usbd_customhid.o(i.USBD_CUSTOM_HID_DataIn)
    i.USBD_CUSTOM_HID_DataOut                0x08003d28   Section        0  usbd_customhid.o(i.USBD_CUSTOM_HID_DataOut)
    USBD_CUSTOM_HID_DataOut                  0x08003d29   Thumb Code    38  usbd_customhid.o(i.USBD_CUSTOM_HID_DataOut)
    i.USBD_CUSTOM_HID_DeInit                 0x08003d4e   Section        0  usbd_customhid.o(i.USBD_CUSTOM_HID_DeInit)
    USBD_CUSTOM_HID_DeInit                   0x08003d4f   Thumb Code    54  usbd_customhid.o(i.USBD_CUSTOM_HID_DeInit)
    i.USBD_CUSTOM_HID_EP0_RxReady            0x08003d84   Section        0  usbd_customhid.o(i.USBD_CUSTOM_HID_EP0_RxReady)
    USBD_CUSTOM_HID_EP0_RxReady              0x08003d85   Thumb Code    34  usbd_customhid.o(i.USBD_CUSTOM_HID_EP0_RxReady)
    i.USBD_CUSTOM_HID_GetCfgDesc             0x08003da8   Section        0  usbd_customhid.o(i.USBD_CUSTOM_HID_GetCfgDesc)
    USBD_CUSTOM_HID_GetCfgDesc               0x08003da9   Thumb Code    10  usbd_customhid.o(i.USBD_CUSTOM_HID_GetCfgDesc)
    i.USBD_CUSTOM_HID_GetDeviceQualifierDesc 0x08003db8   Section        0  usbd_customhid.o(i.USBD_CUSTOM_HID_GetDeviceQualifierDesc)
    USBD_CUSTOM_HID_GetDeviceQualifierDesc   0x08003db9   Thumb Code    10  usbd_customhid.o(i.USBD_CUSTOM_HID_GetDeviceQualifierDesc)
    i.USBD_CUSTOM_HID_Init                   0x08003dc8   Section        0  usbd_customhid.o(i.USBD_CUSTOM_HID_Init)
    USBD_CUSTOM_HID_Init                     0x08003dc9   Thumb Code    90  usbd_customhid.o(i.USBD_CUSTOM_HID_Init)
    i.USBD_CUSTOM_HID_RegisterInterface      0x08003e22   Section        0  usbd_customhid.o(i.USBD_CUSTOM_HID_RegisterInterface)
    i.USBD_CUSTOM_HID_Setup                  0x08003e30   Section        0  usbd_customhid.o(i.USBD_CUSTOM_HID_Setup)
    USBD_CUSTOM_HID_Setup                    0x08003e31   Thumb Code   334  usbd_customhid.o(i.USBD_CUSTOM_HID_Setup)
    i.USBD_ClrClassConfig                    0x08003f84   Section        0  usbd_core.o(i.USBD_ClrClassConfig)
    i.USBD_ClrFeature                        0x08003f9a   Section        0  usbd_ctlreq.o(i.USBD_ClrFeature)
    USBD_ClrFeature                          0x08003f9b   Thumb Code    68  usbd_ctlreq.o(i.USBD_ClrFeature)
    i.USBD_CtlContinueRx                     0x08003fde   Section        0  usbd_ioreq.o(i.USBD_CtlContinueRx)
    i.USBD_CtlContinueSendData               0x08003ff6   Section        0  usbd_ioreq.o(i.USBD_CtlContinueSendData)
    i.USBD_CtlError                          0x0800400e   Section        0  usbd_ctlreq.o(i.USBD_CtlError)
    i.USBD_CtlPrepareRx                      0x08004026   Section        0  usbd_ioreq.o(i.USBD_CtlPrepareRx)
    i.USBD_CtlReceiveStatus                  0x0800404e   Section        0  usbd_ioreq.o(i.USBD_CtlReceiveStatus)
    i.USBD_CtlSendData                       0x08004068   Section        0  usbd_ioreq.o(i.USBD_CtlSendData)
    i.USBD_CtlSendStatus                     0x0800408a   Section        0  usbd_ioreq.o(i.USBD_CtlSendStatus)
    i.USBD_FS_ConfigStrDescriptor            0x080040a4   Section        0  usbd_desc.o(i.USBD_FS_ConfigStrDescriptor)
    i.USBD_FS_DeviceDescriptor               0x080040e0   Section        0  usbd_desc.o(i.USBD_FS_DeviceDescriptor)
    i.USBD_FS_InterfaceStrDescriptor         0x080040f0   Section        0  usbd_desc.o(i.USBD_FS_InterfaceStrDescriptor)
    i.USBD_FS_LangIDStrDescriptor            0x08004130   Section        0  usbd_desc.o(i.USBD_FS_LangIDStrDescriptor)
    i.USBD_FS_ManufacturerStrDescriptor      0x08004140   Section        0  usbd_desc.o(i.USBD_FS_ManufacturerStrDescriptor)
    i.USBD_FS_ProductStrDescriptor           0x08004164   Section        0  usbd_desc.o(i.USBD_FS_ProductStrDescriptor)
    i.USBD_FS_SerialStrDescriptor            0x080041a0   Section        0  usbd_desc.o(i.USBD_FS_SerialStrDescriptor)
    i.USBD_GetConfig                         0x080041d8   Section        0  usbd_ctlreq.o(i.USBD_GetConfig)
    USBD_GetConfig                           0x080041d9   Thumb Code    80  usbd_ctlreq.o(i.USBD_GetConfig)
    i.USBD_GetDescriptor                     0x08004228   Section        0  usbd_ctlreq.o(i.USBD_GetDescriptor)
    USBD_GetDescriptor                       0x08004229   Thumb Code   336  usbd_ctlreq.o(i.USBD_GetDescriptor)
    i.USBD_GetLen                            0x08004378   Section        0  usbd_ctlreq.o(i.USBD_GetLen)
    USBD_GetLen                              0x08004379   Thumb Code    20  usbd_ctlreq.o(i.USBD_GetLen)
    i.USBD_GetStatus                         0x0800438c   Section        0  usbd_ctlreq.o(i.USBD_GetStatus)
    USBD_GetStatus                           0x0800438d   Thumb Code    68  usbd_ctlreq.o(i.USBD_GetStatus)
    i.USBD_GetString                         0x080043d0   Section        0  usbd_ctlreq.o(i.USBD_GetString)
    i.USBD_Init                              0x08004422   Section        0  usbd_core.o(i.USBD_Init)
    i.USBD_LL_ClearStallEP                   0x08004454   Section        0  usbd_conf.o(i.USBD_LL_ClearStallEP)
    i.USBD_LL_CloseEP                        0x08004468   Section        0  usbd_conf.o(i.USBD_LL_CloseEP)
    i.USBD_LL_DataInStage                    0x0800447c   Section        0  usbd_core.o(i.USBD_LL_DataInStage)
    i.USBD_LL_DataOutStage                   0x08004556   Section        0  usbd_core.o(i.USBD_LL_DataOutStage)
    i.USBD_LL_Init                           0x080045dc   Section        0  usbd_conf.o(i.USBD_LL_Init)
    i.USBD_LL_IsStallEP                      0x08004654   Section        0  usbd_conf.o(i.USBD_LL_IsStallEP)
    i.USBD_LL_OpenEP                         0x08004684   Section        0  usbd_conf.o(i.USBD_LL_OpenEP)
    i.USBD_LL_PrepareReceive                 0x080046a4   Section        0  usbd_conf.o(i.USBD_LL_PrepareReceive)
    i.USBD_LL_Reset                          0x080046c4   Section        0  usbd_core.o(i.USBD_LL_Reset)
    i.USBD_LL_Resume                         0x08004708   Section        0  usbd_core.o(i.USBD_LL_Resume)
    i.USBD_LL_SOF                            0x08004716   Section        0  usbd_core.o(i.USBD_LL_SOF)
    i.USBD_LL_SetSpeed                       0x08004738   Section        0  usbd_core.o(i.USBD_LL_SetSpeed)
    i.USBD_LL_SetUSBAddress                  0x08004740   Section        0  usbd_conf.o(i.USBD_LL_SetUSBAddress)
    i.USBD_LL_SetupStage                     0x08004754   Section        0  usbd_core.o(i.USBD_LL_SetupStage)
    i.USBD_LL_StallEP                        0x080047c2   Section        0  usbd_conf.o(i.USBD_LL_StallEP)
    i.USBD_LL_Start                          0x080047d6   Section        0  usbd_conf.o(i.USBD_LL_Start)
    i.USBD_LL_Suspend                        0x080047e6   Section        0  usbd_core.o(i.USBD_LL_Suspend)
    i.USBD_LL_Transmit                       0x080047fa   Section        0  usbd_conf.o(i.USBD_LL_Transmit)
    i.USBD_ParseSetupRequest                 0x0800481a   Section        0  usbd_ctlreq.o(i.USBD_ParseSetupRequest)
    i.USBD_RegisterClass                     0x08004842   Section        0  usbd_core.o(i.USBD_RegisterClass)
    i.USBD_RunTestMode                       0x08004852   Section        0  usbd_core.o(i.USBD_RunTestMode)
    i.USBD_SetAddress                        0x08004858   Section        0  usbd_ctlreq.o(i.USBD_SetAddress)
    USBD_SetAddress                          0x08004859   Thumb Code    84  usbd_ctlreq.o(i.USBD_SetAddress)
    i.USBD_SetClassConfig                    0x080048ac   Section        0  usbd_core.o(i.USBD_SetClassConfig)
    i.USBD_SetConfig                         0x080048d0   Section        0  usbd_ctlreq.o(i.USBD_SetConfig)
    USBD_SetConfig                           0x080048d1   Thumb Code   218  usbd_ctlreq.o(i.USBD_SetConfig)
    i.USBD_SetFeature                        0x080049b0   Section        0  usbd_ctlreq.o(i.USBD_SetFeature)
    USBD_SetFeature                          0x080049b1   Thumb Code    36  usbd_ctlreq.o(i.USBD_SetFeature)
    i.USBD_Start                             0x080049d4   Section        0  usbd_core.o(i.USBD_Start)
    i.USBD_StdDevReq                         0x080049e2   Section        0  usbd_ctlreq.o(i.USBD_StdDevReq)
    i.USBD_StdEPReq                          0x08004a54   Section        0  usbd_ctlreq.o(i.USBD_StdEPReq)
    i.USBD_StdItfReq                         0x08004baa   Section        0  usbd_ctlreq.o(i.USBD_StdItfReq)
    i.USBD_static_free                       0x08004bf4   Section        0  usbd_conf.o(i.USBD_static_free)
    i.USBD_static_malloc                     0x08004bf8   Section        0  usbd_conf.o(i.USBD_static_malloc)
    i.USB_ActivateEndpoint                   0x08004c04   Section        0  stm32f1xx_ll_usb.o(i.USB_ActivateEndpoint)
    i.USB_CoreInit                           0x08004fae   Section        0  stm32f1xx_ll_usb.o(i.USB_CoreInit)
    i.USB_DeactivateEndpoint                 0x08004fb6   Section        0  stm32f1xx_ll_usb.o(i.USB_DeactivateEndpoint)
    i.USB_DevConnect                         0x080051ca   Section        0  stm32f1xx_ll_usb.o(i.USB_DevConnect)
    i.USB_DevDisconnect                      0x080051d0   Section        0  stm32f1xx_ll_usb.o(i.USB_DevDisconnect)
    i.USB_DevInit                            0x080051d6   Section        0  stm32f1xx_ll_usb.o(i.USB_DevInit)
    i.USB_DisableGlobalInt                   0x080051f4   Section        0  stm32f1xx_ll_usb.o(i.USB_DisableGlobalInt)
    i.USB_EP0_OutStart                       0x0800520a   Section        0  stm32f1xx_ll_usb.o(i.USB_EP0_OutStart)
    i.USB_EPClearStall                       0x08005210   Section        0  stm32f1xx_ll_usb.o(i.USB_EPClearStall)
    i.USB_EPSetStall                         0x080052c4   Section        0  stm32f1xx_ll_usb.o(i.USB_EPSetStall)
    i.USB_EPStartXfer                        0x0800534a   Section        0  stm32f1xx_ll_usb.o(i.USB_EPStartXfer)
    i.USB_EnableGlobalInt                    0x0800567c   Section        0  stm32f1xx_ll_usb.o(i.USB_EnableGlobalInt)
    i.USB_LP_CAN1_RX0_IRQHandler             0x08005694   Section        0  stm32f1xx_it.o(i.USB_LP_CAN1_RX0_IRQHandler)
    i.USB_ReadInterrupts                     0x080056a4   Section        0  stm32f1xx_ll_usb.o(i.USB_ReadInterrupts)
    i.USB_ReadPMA                            0x080056ae   Section        0  stm32f1xx_ll_usb.o(i.USB_ReadPMA)
    i.USB_SetCurrentMode                     0x080056d6   Section        0  stm32f1xx_ll_usb.o(i.USB_SetCurrentMode)
    i.USB_SetDevAddress                      0x080056dc   Section        0  stm32f1xx_ll_usb.o(i.USB_SetDevAddress)
    i.USB_WritePMA                           0x080056ea   Section        0  stm32f1xx_ll_usb.o(i.USB_WritePMA)
    i.UsageFault_Handler                     0x0800572c   Section        0  stm32f1xx_it.o(i.UsageFault_Handler)
    i.main                                   0x08005730   Section        0  main.o(i.main)
    i.ssd1306_DrawPixel                      0x08005874   Section        0  ssd1306.o(i.ssd1306_DrawPixel)
    i.ssd1306_Fill                           0x080058c8   Section        0  ssd1306.o(i.ssd1306_Fill)
    i.ssd1306_Init                           0x080058e8   Section        0  ssd1306.o(i.ssd1306_Init)
    i.ssd1306_SendToDisplay                  0x08005990   Section        0  ssd1306.o(i.ssd1306_SendToDisplay)
    ssd1306_SendToDisplay                    0x08005991   Thumb Code    32  ssd1306.o(i.ssd1306_SendToDisplay)
    i.ssd1306_SetCursor                      0x080059b4   Section        0  ssd1306.o(i.ssd1306_SetCursor)
    i.ssd1306_UpdateScreen                   0x080059c0   Section        0  ssd1306.o(i.ssd1306_UpdateScreen)
    i.ssd1306_WriteChar                      0x080059fc   Section        0  ssd1306.o(i.ssd1306_WriteChar)
    i.ssd1306_WriteString                    0x08005ab4   Section        0  ssd1306.o(i.ssd1306_WriteString)
    .constdata                               0x08005ad6   Section     1431  fonts.o(.constdata)
    Font7x9_EN                               0x08005ad6   Data         855  fonts.o(.constdata)
    Font7x9_RU                               0x08005e2d   Data         576  fonts.o(.constdata)
    .constdata                               0x0800606d   Section       24  system_stm32f1xx.o(.constdata)
    .data                                    0x20000000   Section      106  usbd_custom_hid_if.o(.data)
    CUSTOM_HID_ReportDesc_FS                 0x20000000   Data          73  usbd_custom_hid_if.o(.data)
    .data                                    0x2000006c   Section       52  usbd_desc.o(.data)
    .data                                    0x200000a0   Section       12  fonts.o(.data)
    .data                                    0x200000ac   Section     3402  main.o(.data)
    .data                                    0x20000df8   Section      126  usbd_customhid.o(.data)
    USBD_CUSTOM_HID_CfgDesc                  0x20000e34   Data          41  usbd_customhid.o(.data)
    USBD_CUSTOM_HID_Desc                     0x20000e60   Data           9  usbd_customhid.o(.data)
    USBD_CUSTOM_HID_DeviceQualifierDesc      0x20000e6c   Data          10  usbd_customhid.o(.data)
    .data                                    0x20000e76   Section        1  usbd_ctlreq.o(.data)
    cfgidx                                   0x20000e76   Data           1  usbd_ctlreq.o(.data)
    .data                                    0x20000e78   Section        4  system_stm32f1xx.o(.data)
    .data                                    0x20000e7c   Section        9  stm32f1xx_hal.o(.data)
    .bss                                     0x20000e88   Section      512  usbd_desc.o(.bss)
    .bss                                     0x20001088   Section     2372  main.o(.bss)
    .bss                                     0x200019cc   Section     1120  ssd1306.o(.bss)
    SSD1306_Buffer                           0x200019cc   Data        1024  ssd1306.o(.bss)
    SSD1306                                  0x20001dcc   Data          96  ssd1306.o(.bss)
    .bss                                     0x20001e2c   Section      548  usb_device.o(.bss)
    .bss                                     0x20002050   Section     1208  usbd_conf.o(.bss)
    mem                                      0x200024b0   Data          88  usbd_conf.o(.bss)
    .bss                                     0x20002508   Section       96  libspace.o(.bss)
    HEAP                                     0x20002568   Section     2048  startup_stm32f103xb.o(HEAP)
    Heap_Mem                                 0x20002568   Data        2048  startup_stm32f103xb.o(HEAP)
    STACK                                    0x20002d68   Section     2048  startup_stm32f103xb.o(STACK)
    Stack_Mem                                0x20002d68   Data        2048  startup_stm32f103xb.o(STACK)
    __initial_sp                             0x20003568   Data           0  startup_stm32f103xb.o(STACK)

    Global Symbols

    Symbol Name                              Value     Ov Type        Size  Object(Section)

    BuildAttributes$$THM_ISAv4$P$D$K$B$S$PE$A:L22UL41UL21$X:L11$S22US41US21$IEEE1$IW$USESV6$~STKCKD$USESV7$~SHL$OSPACE$ROPI$EBA8$UX$STANDARDLIB$REQ8$PRES8$EABIv2 0x00000000   Number         0  anon$$obj.o ABSOLUTE
    __ARM_use_no_argv                        0x00000000   Number         0  main.o ABSOLUTE
    __ARM_exceptions_init                     - Undefined Weak Reference
    __alloca_initialize                       - Undefined Weak Reference
    __arm_preinit_                            - Undefined Weak Reference
    __cpp_initialize__aeabi_                  - Undefined Weak Reference
    __cxa_finalize                            - Undefined Weak Reference
    __rt_locale                               - Undefined Weak Reference
    __sigvec_lookup                           - Undefined Weak Reference
    _atexit_init                              - Undefined Weak Reference
    _call_atexit_fns                          - Undefined Weak Reference
    _clock_init                               - Undefined Weak Reference
    _fp_trap_init                             - Undefined Weak Reference
    _fp_trap_shutdown                         - Undefined Weak Reference
    _get_lc_collate                           - Undefined Weak Reference
    _get_lc_ctype                             - Undefined Weak Reference
    _get_lc_monetary                          - Undefined Weak Reference
    _get_lc_numeric                           - Undefined Weak Reference
    _get_lc_time                              - Undefined Weak Reference
    _getenv_init                              - Undefined Weak Reference
    _handle_redirection                       - Undefined Weak Reference
    _init_alloc                               - Undefined Weak Reference
    _init_user_alloc                          - Undefined Weak Reference
    _initio                                   - Undefined Weak Reference
    _rand_init                                - Undefined Weak Reference
    _signal_finish                            - Undefined Weak Reference
    _signal_init                              - Undefined Weak Reference
    _terminate_alloc                          - Undefined Weak Reference
    _terminate_user_alloc                     - Undefined Weak Reference
    _terminateio                              - Undefined Weak Reference
    __Vectors_Size                           0x000000ec   Number         0  startup_stm32f103xb.o ABSOLUTE
    __Vectors                                0x08000000   Data           4  startup_stm32f103xb.o(RESET)
    __Vectors_End                            0x080000ec   Data           0  startup_stm32f103xb.o(RESET)
    __main                                   0x080000ed   Thumb Code     8  __main.o(!!!main)
    __scatterload                            0x080000f5   Thumb Code     0  __scatter.o(!!!scatter)
    __scatterload_rt2                        0x080000f5   Thumb Code    44  __scatter.o(!!!scatter)
    __scatterload_rt2_thumb_only             0x080000f5   Thumb Code     0  __scatter.o(!!!scatter)
    __scatterload_null                       0x08000103   Thumb Code     0  __scatter.o(!!!scatter)
    __decompress                             0x08000129   Thumb Code    90  __dczerorl2.o(!!dczerorl2)
    __decompress1                            0x08000129   Thumb Code     0  __dczerorl2.o(!!dczerorl2)
    __scatterload_zeroinit                   0x08000185   Thumb Code    28  __scatter_zi.o(!!handler_zi)
    __rt_lib_init                            0x080001a1   Thumb Code     0  libinit.o(.ARM.Collect$$libinit$$00000000)
    __rt_lib_init_alloca_1                   0x080001a3   Thumb Code     0  libinit2.o(.ARM.Collect$$libinit$$0000002E)
    __rt_lib_init_argv_1                     0x080001a3   Thumb Code     0  libinit2.o(.ARM.Collect$$libinit$$0000002C)
    __rt_lib_init_atexit_1                   0x080001a3   Thumb Code     0  libinit2.o(.ARM.Collect$$libinit$$0000001B)
    __rt_lib_init_clock_1                    0x080001a3   Thumb Code     0  libinit2.o(.ARM.Collect$$libinit$$00000021)
    __rt_lib_init_cpp_1                      0x080001a3   Thumb Code     0  libinit2.o(.ARM.Collect$$libinit$$00000032)
    __rt_lib_init_exceptions_1               0x080001a3   Thumb Code     0  libinit2.o(.ARM.Collect$$libinit$$00000030)
    __rt_lib_init_fp_1                       0x080001a3   Thumb Code     0  libinit2.o(.ARM.Collect$$libinit$$00000002)
    __rt_lib_init_fp_trap_1                  0x080001a3   Thumb Code     0  libinit2.o(.ARM.Collect$$libinit$$0000001F)
    __rt_lib_init_getenv_1                   0x080001a3   Thumb Code     0  libinit2.o(.ARM.Collect$$libinit$$00000023)
    __rt_lib_init_heap_1                     0x080001a3   Thumb Code     0  libinit2.o(.ARM.Collect$$libinit$$0000000A)
    __rt_lib_init_lc_collate_1               0x080001a3   Thumb Code     0  libinit2.o(.ARM.Collect$$libinit$$00000011)
    __rt_lib_init_lc_ctype_1                 0x080001a3   Thumb Code     0  libinit2.o(.ARM.Collect$$libinit$$00000013)
    __rt_lib_init_lc_monetary_1              0x080001a3   Thumb Code     0  libinit2.o(.ARM.Collect$$libinit$$00000015)
    __rt_lib_init_lc_numeric_1               0x080001a3   Thumb Code     0  libinit2.o(.ARM.Collect$$libinit$$00000017)
    __rt_lib_init_lc_time_1                  0x080001a3   Thumb Code     0  libinit2.o(.ARM.Collect$$libinit$$00000019)
    __rt_lib_init_preinit_1                  0x080001a3   Thumb Code     0  libinit2.o(.ARM.Collect$$libinit$$00000004)
    __rt_lib_init_rand_1                     0x080001a3   Thumb Code     0  libinit2.o(.ARM.Collect$$libinit$$0000000E)
    __rt_lib_init_return                     0x080001a3   Thumb Code     0  libinit2.o(.ARM.Collect$$libinit$$00000033)
    __rt_lib_init_signal_1                   0x080001a3   Thumb Code     0  libinit2.o(.ARM.Collect$$libinit$$0000001D)
    __rt_lib_init_stdio_1                    0x080001a3   Thumb Code     0  libinit2.o(.ARM.Collect$$libinit$$00000025)
    __rt_lib_init_user_alloc_1               0x080001a3   Thumb Code     0  libinit2.o(.ARM.Collect$$libinit$$0000000C)
    __rt_lib_shutdown                        0x080001a5   Thumb Code     0  libshutdown.o(.ARM.Collect$$libshutdown$$00000000)
    __rt_lib_shutdown_cpp_1                  0x080001a7   Thumb Code     0  libshutdown2.o(.ARM.Collect$$libshutdown$$00000002)
    __rt_lib_shutdown_fp_trap_1              0x080001a7   Thumb Code     0  libshutdown2.o(.ARM.Collect$$libshutdown$$00000007)
    __rt_lib_shutdown_heap_1                 0x080001a7   Thumb Code     0  libshutdown2.o(.ARM.Collect$$libshutdown$$0000000F)
    __rt_lib_shutdown_return                 0x080001a7   Thumb Code     0  libshutdown2.o(.ARM.Collect$$libshutdown$$00000010)
    __rt_lib_shutdown_signal_1               0x080001a7   Thumb Code     0  libshutdown2.o(.ARM.Collect$$libshutdown$$0000000A)
    __rt_lib_shutdown_stdio_1                0x080001a7   Thumb Code     0  libshutdown2.o(.ARM.Collect$$libshutdown$$00000004)
    __rt_lib_shutdown_user_alloc_1           0x080001a7   Thumb Code     0  libshutdown2.o(.ARM.Collect$$libshutdown$$0000000C)
    __rt_entry                               0x080001a9   Thumb Code     0  __rtentry.o(.ARM.Collect$$rtentry$$00000000)
    __rt_entry_presh_1                       0x080001a9   Thumb Code     0  __rtentry2.o(.ARM.Collect$$rtentry$$00000002)
    __rt_entry_sh                            0x080001a9   Thumb Code     0  __rtentry4.o(.ARM.Collect$$rtentry$$00000004)
    __rt_entry_li                            0x080001af   Thumb Code     0  __rtentry2.o(.ARM.Collect$$rtentry$$0000000A)
    __rt_entry_postsh_1                      0x080001af   Thumb Code     0  __rtentry2.o(.ARM.Collect$$rtentry$$00000009)
    __rt_entry_main                          0x080001b3   Thumb Code     0  __rtentry2.o(.ARM.Collect$$rtentry$$0000000D)
    __rt_entry_postli_1                      0x080001b3   Thumb Code     0  __rtentry2.o(.ARM.Collect$$rtentry$$0000000C)
    __rt_exit                                0x080001bb   Thumb Code     0  rtexit.o(.ARM.Collect$$rtexit$$00000000)
    __rt_exit_ls                             0x080001bd   Thumb Code     0  rtexit2.o(.ARM.Collect$$rtexit$$00000003)
    __rt_exit_prels_1                        0x080001bd   Thumb Code     0  rtexit2.o(.ARM.Collect$$rtexit$$00000002)
    __rt_exit_exit                           0x080001c1   Thumb Code     0  rtexit2.o(.ARM.Collect$$rtexit$$00000004)
    Reset_Handler                            0x080001c9   Thumb Code     8  startup_stm32f103xb.o(.text)
    ADC1_2_IRQHandler                        0x080001e3   Thumb Code     0  startup_stm32f103xb.o(.text)
    CAN1_RX1_IRQHandler                      0x080001e3   Thumb Code     0  startup_stm32f103xb.o(.text)
    CAN1_SCE_IRQHandler                      0x080001e3   Thumb Code     0  startup_stm32f103xb.o(.text)
    DMA1_Channel1_IRQHandler                 0x080001e3   Thumb Code     0  startup_stm32f103xb.o(.text)
    DMA1_Channel2_IRQHandler                 0x080001e3   Thumb Code     0  startup_stm32f103xb.o(.text)
    DMA1_Channel3_IRQHandler                 0x080001e3   Thumb Code     0  startup_stm32f103xb.o(.text)
    DMA1_Channel4_IRQHandler                 0x080001e3   Thumb Code     0  startup_stm32f103xb.o(.text)
    DMA1_Channel5_IRQHandler                 0x080001e3   Thumb Code     0  startup_stm32f103xb.o(.text)
    DMA1_Channel6_IRQHandler                 0x080001e3   Thumb Code     0  startup_stm32f103xb.o(.text)
    DMA1_Channel7_IRQHandler                 0x080001e3   Thumb Code     0  startup_stm32f103xb.o(.text)
    EXTI0_IRQHandler                         0x080001e3   Thumb Code     0  startup_stm32f103xb.o(.text)
    EXTI15_10_IRQHandler                     0x080001e3   Thumb Code     0  startup_stm32f103xb.o(.text)
    EXTI1_IRQHandler                         0x080001e3   Thumb Code     0  startup_stm32f103xb.o(.text)
    EXTI2_IRQHandler                         0x080001e3   Thumb Code     0  startup_stm32f103xb.o(.text)
    EXTI3_IRQHandler                         0x080001e3   Thumb Code     0  startup_stm32f103xb.o(.text)
    EXTI4_IRQHandler                         0x080001e3   Thumb Code     0  startup_stm32f103xb.o(.text)
    EXTI9_5_IRQHandler                       0x080001e3   Thumb Code     0  startup_stm32f103xb.o(.text)
    FLASH_IRQHandler                         0x080001e3   Thumb Code     0  startup_stm32f103xb.o(.text)
    I2C1_ER_IRQHandler                       0x080001e3   Thumb Code     0  startup_stm32f103xb.o(.text)
    I2C1_EV_IRQHandler                       0x080001e3   Thumb Code     0  startup_stm32f103xb.o(.text)
    I2C2_ER_IRQHandler                       0x080001e3   Thumb Code     0  startup_stm32f103xb.o(.text)
    I2C2_EV_IRQHandler                       0x080001e3   Thumb Code     0  startup_stm32f103xb.o(.text)
    PVD_IRQHandler                           0x080001e3   Thumb Code     0  startup_stm32f103xb.o(.text)
    RCC_IRQHandler                           0x080001e3   Thumb Code     0  startup_stm32f103xb.o(.text)
    RTC_Alarm_IRQHandler                     0x080001e3   Thumb Code     0  startup_stm32f103xb.o(.text)
    RTC_IRQHandler                           0x080001e3   Thumb Code     0  startup_stm32f103xb.o(.text)
    SPI1_IRQHandler                          0x080001e3   Thumb Code     0  startup_stm32f103xb.o(.text)
    SPI2_IRQHandler                          0x080001e3   Thumb Code     0  startup_stm32f103xb.o(.text)
    TAMPER_IRQHandler                        0x080001e3   Thumb Code     0  startup_stm32f103xb.o(.text)
    TIM1_BRK_IRQHandler                      0x080001e3   Thumb Code     0  startup_stm32f103xb.o(.text)
    TIM1_CC_IRQHandler                       0x080001e3   Thumb Code     0  startup_stm32f103xb.o(.text)
    TIM1_TRG_COM_IRQHandler                  0x080001e3   Thumb Code     0  startup_stm32f103xb.o(.text)
    TIM1_UP_IRQHandler                       0x080001e3   Thumb Code     0  startup_stm32f103xb.o(.text)
    TIM4_IRQHandler                          0x080001e3   Thumb Code     0  startup_stm32f103xb.o(.text)
    USART1_IRQHandler                        0x080001e3   Thumb Code     0  startup_stm32f103xb.o(.text)
    USART2_IRQHandler                        0x080001e3   Thumb Code     0  startup_stm32f103xb.o(.text)
    USART3_IRQHandler                        0x080001e3   Thumb Code     0  startup_stm32f103xb.o(.text)
    USBWakeUp_IRQHandler                     0x080001e3   Thumb Code     0  startup_stm32f103xb.o(.text)
    USB_HP_CAN1_TX_IRQHandler                0x080001e3   Thumb Code     0  startup_stm32f103xb.o(.text)
    WWDG_IRQHandler                          0x080001e3   Thumb Code     0  startup_stm32f103xb.o(.text)
    __user_initial_stackheap                 0x080001e5   Thumb Code     0  startup_stm32f103xb.o(.text)
    __aeabi_memcpy                           0x08000209   Thumb Code     0  rt_memcpy_v6.o(.text)
    __rt_memcpy                              0x08000209   Thumb Code   138  rt_memcpy_v6.o(.text)
    _memcpy_lastbytes                        0x0800026f   Thumb Code     0  rt_memcpy_v6.o(.text)
    __aeabi_memcpy4                          0x08000293   Thumb Code     0  rt_memcpy_w.o(.text)
    __aeabi_memcpy8                          0x08000293   Thumb Code     0  rt_memcpy_w.o(.text)
    __rt_memcpy_w                            0x08000293   Thumb Code   100  rt_memcpy_w.o(.text)
    _memcpy_lastbytes_aligned                0x080002db   Thumb Code     0  rt_memcpy_w.o(.text)
    __aeabi_memclr4                          0x080002f7   Thumb Code     0  rt_memclr_w.o(.text)
    __aeabi_memclr8                          0x080002f7   Thumb Code     0  rt_memclr_w.o(.text)
    __rt_memclr_w                            0x080002f7   Thumb Code    78  rt_memclr_w.o(.text)
    _memset_w                                0x080002fb   Thumb Code     0  rt_memclr_w.o(.text)
    __use_two_region_memory                  0x08000345   Thumb Code     2  heapauxi.o(.text)
    __rt_heap_escrow$2region                 0x08000347   Thumb Code     2  heapauxi.o(.text)
    __rt_heap_expand$2region                 0x08000349   Thumb Code     2  heapauxi.o(.text)
    __user_setup_stackheap                   0x0800034b   Thumb Code    74  sys_stackheap_outer.o(.text)
    exit                                     0x08000395   Thumb Code    18  exit.o(.text)
    __user_libspace                          0x080003a9   Thumb Code     8  libspace.o(.text)
    __user_perproc_libspace                  0x080003a9   Thumb Code     0  libspace.o(.text)
    __user_perthread_libspace                0x080003a9   Thumb Code     0  libspace.o(.text)
    _sys_exit                                0x080003b1   Thumb Code     8  sys_exit.o(.text)
    __I$use$semihosting                      0x080003bd   Thumb Code     0  use_no_semi.o(.text)
    __use_no_semihosting_swi                 0x080003bd   Thumb Code     2  use_no_semi.o(.text)
    ADC_ConversionStop_Disable               0x080003bf   Thumb Code    82  stm32f1xx_hal_adc.o(i.ADC_ConversionStop_Disable)
    __semihosting_library_function           0x080003bf   Thumb Code     0  indicate_semi.o(.text)
    ADC_Enable                               0x08000411   Thumb Code   122  stm32f1xx_hal_adc.o(i.ADC_Enable)
    ADC_V                                    0x08000495   Thumb Code    62  main.o(i.ADC_V)
    BusFault_Handler                         0x080004d9   Thumb Code     4  stm32f1xx_it.o(i.BusFault_Handler)
    CustomHID_FeatureReportLength            0x080004f5   Thumb Code    50  usbd_custom_hid_if.o(i.CustomHID_FeatureReportLength)
    DebugMon_Handler                         0x08000605   Thumb Code     2  stm32f1xx_it.o(i.DebugMon_Handler)
    Error_Handler                            0x08000607   Thumb Code     6  main.o(i.Error_Handler)
    HAL_ADC_ConfigChannel                    0x0800060d   Thumb Code   338  stm32f1xx_hal_adc.o(i.HAL_ADC_ConfigChannel)
    HAL_ADC_GetValue                         0x0800076d   Thumb Code     8  stm32f1xx_hal_adc.o(i.HAL_ADC_GetValue)
    HAL_ADC_Init                             0x08000775   Thumb Code   314  stm32f1xx_hal_adc.o(i.HAL_ADC_Init)
    HAL_ADC_MspInit                          0x080008b9   Thumb Code    98  stm32f1xx_hal_msp.o(i.HAL_ADC_MspInit)
    HAL_ADC_PollForConversion                0x08000929   Thumb Code   350  stm32f1xx_hal_adc.o(i.HAL_ADC_PollForConversion)
    HAL_ADC_Start                            0x08000a99   Thumb Code   294  stm32f1xx_hal_adc.o(i.HAL_ADC_Start)
    HAL_ADC_Stop                             0x08000bc9   Thumb Code    64  stm32f1xx_hal_adc.o(i.HAL_ADC_Stop)
    HAL_Delay                                0x08000c09   Thumb Code    36  stm32f1xx_hal.o(i.HAL_Delay)
    HAL_GPIO_Init                            0x08000c31   Thumb Code   764  stm32f1xx_hal_gpio.o(i.HAL_GPIO_Init)
    HAL_GPIO_ReadPin                         0x08000f4d   Thumb Code    16  stm32f1xx_hal_gpio.o(i.HAL_GPIO_ReadPin)
    HAL_GetTick                              0x08000f5d   Thumb Code     6  stm32f1xx_hal.o(i.HAL_GetTick)
    HAL_I2C_Init                             0x08000f69   Thumb Code   362  stm32f1xx_hal_i2c.o(i.HAL_I2C_Init)
    HAL_I2C_Mem_Write                        0x080010e5   Thumb Code   384  stm32f1xx_hal_i2c.o(i.HAL_I2C_Mem_Write)
    HAL_I2C_MspInit                          0x0800126d   Thumb Code    86  stm32f1xx_hal_msp.o(i.HAL_I2C_MspInit)
    HAL_IncTick                              0x080012d5   Thumb Code    16  stm32f1xx_hal.o(i.HAL_IncTick)
    HAL_Init                                 0x080012ed   Thumb Code    34  stm32f1xx_hal.o(i.HAL_Init)
    HAL_InitTick                             0x08001315   Thumb Code    64  stm32f1xx_hal.o(i.HAL_InitTick)
    HAL_MspInit                              0x08001361   Thumb Code    82  stm32f1xx_hal_msp.o(i.HAL_MspInit)
    HAL_NVIC_EnableIRQ                       0x080013bd   Thumb Code    26  stm32f1xx_hal_cortex.o(i.HAL_NVIC_EnableIRQ)
    HAL_NVIC_SetPriority                     0x080013d7   Thumb Code   124  stm32f1xx_hal_cortex.o(i.HAL_NVIC_SetPriority)
    HAL_NVIC_SetPriorityGrouping             0x08001455   Thumb Code    32  stm32f1xx_hal_cortex.o(i.HAL_NVIC_SetPriorityGrouping)
    HAL_PCDEx_PMAConfig                      0x0800147d   Thumb Code    62  stm32f1xx_hal_pcd_ex.o(i.HAL_PCDEx_PMAConfig)
    HAL_PCDEx_SetConnectionState             0x080014bb   Thumb Code     2  usbd_conf.o(i.HAL_PCDEx_SetConnectionState)
    HAL_PCD_DataInStageCallback              0x080014bd   Thumb Code    28  usbd_conf.o(i.HAL_PCD_DataInStageCallback)
    HAL_PCD_DataOutStageCallback             0x080014d9   Thumb Code    28  usbd_conf.o(i.HAL_PCD_DataOutStageCallback)
    HAL_PCD_EP_Close                         0x080014f5   Thumb Code   100  stm32f1xx_hal_pcd.o(i.HAL_PCD_EP_Close)
    HAL_PCD_EP_ClrStall                      0x08001559   Thumb Code    98  stm32f1xx_hal_pcd.o(i.HAL_PCD_EP_ClrStall)
    HAL_PCD_EP_Open                          0x080015bb   Thumb Code   118  stm32f1xx_hal_pcd.o(i.HAL_PCD_EP_Open)
    HAL_PCD_EP_Receive                       0x08001631   Thumb Code    74  stm32f1xx_hal_pcd.o(i.HAL_PCD_EP_Receive)
    HAL_PCD_EP_SetStall                      0x0800167b   Thumb Code   114  stm32f1xx_hal_pcd.o(i.HAL_PCD_EP_SetStall)
    HAL_PCD_EP_Transmit                      0x080016ed   Thumb Code    76  stm32f1xx_hal_pcd.o(i.HAL_PCD_EP_Transmit)
    HAL_PCD_IRQHandler                       0x08001739   Thumb Code   360  stm32f1xx_hal_pcd.o(i.HAL_PCD_IRQHandler)
    HAL_PCD_Init                             0x080018a1   Thumb Code   282  stm32f1xx_hal_pcd.o(i.HAL_PCD_Init)
    HAL_PCD_MspInit                          0x080019bd   Thumb Code    58  usbd_conf.o(i.HAL_PCD_MspInit)
    HAL_PCD_ResetCallback                    0x08001a01   Thumb Code    42  usbd_conf.o(i.HAL_PCD_ResetCallback)
    HAL_PCD_ResumeCallback                   0x08001a2d   Thumb Code    20  usbd_conf.o(i.HAL_PCD_ResumeCallback)
    HAL_PCD_SOFCallback                      0x08001a45   Thumb Code    14  usbd_conf.o(i.HAL_PCD_SOFCallback)
    HAL_PCD_SetAddress                       0x08001a53   Thumb Code    54  stm32f1xx_hal_pcd.o(i.HAL_PCD_SetAddress)
    HAL_PCD_SetupStageCallback               0x08001a89   Thumb Code    18  usbd_conf.o(i.HAL_PCD_SetupStageCallback)
    HAL_PCD_Start                            0x08001a9b   Thumb Code    60  stm32f1xx_hal_pcd.o(i.HAL_PCD_Start)
    HAL_PCD_SuspendCallback                  0x08001ad9   Thumb Code    30  usbd_conf.o(i.HAL_PCD_SuspendCallback)
    HAL_RCCEx_GetPeriphCLKFreq               0x08001afd   Thumb Code   254  stm32f1xx_hal_rcc_ex.o(i.HAL_RCCEx_GetPeriphCLKFreq)
    HAL_RCCEx_PeriphCLKConfig                0x08001c1d   Thumb Code   290  stm32f1xx_hal_rcc_ex.o(i.HAL_RCCEx_PeriphCLKConfig)
    HAL_RCC_ClockConfig                      0x08001d4d   Thumb Code   402  stm32f1xx_hal_rcc.o(i.HAL_RCC_ClockConfig)
    HAL_RCC_GetHCLKFreq                      0x08001ef1   Thumb Code     6  stm32f1xx_hal_rcc.o(i.HAL_RCC_GetHCLKFreq)
    HAL_RCC_GetPCLK1Freq                     0x08001efd   Thumb Code    22  stm32f1xx_hal_rcc.o(i.HAL_RCC_GetPCLK1Freq)
    HAL_RCC_GetPCLK2Freq                     0x08001f1d   Thumb Code    22  stm32f1xx_hal_rcc.o(i.HAL_RCC_GetPCLK2Freq)
    HAL_RCC_GetSysClockFreq                  0x08001f3d   Thumb Code   116  stm32f1xx_hal_rcc.o(i.HAL_RCC_GetSysClockFreq)
    HAL_RCC_OscConfig                        0x08001fd1   Thumb Code  1078  stm32f1xx_hal_rcc.o(i.HAL_RCC_OscConfig)
    HAL_SYSTICK_CLKSourceConfig              0x08002411   Thumb Code    40  stm32f1xx_hal_cortex.o(i.HAL_SYSTICK_CLKSourceConfig)
    HAL_SYSTICK_Config                       0x08002439   Thumb Code    52  stm32f1xx_hal_cortex.o(i.HAL_SYSTICK_Config)
    HAL_TIMEx_BreakCallback                  0x0800246d   Thumb Code     2  stm32f1xx_hal_tim_ex.o(i.HAL_TIMEx_BreakCallback)
    HAL_TIMEx_CommutationCallback            0x0800246f   Thumb Code     2  stm32f1xx_hal_tim_ex.o(i.HAL_TIMEx_CommutationCallback)
    HAL_TIMEx_ConfigBreakDeadTime            0x08002471   Thumb Code   126  stm32f1xx_hal_tim_ex.o(i.HAL_TIMEx_ConfigBreakDeadTime)
    HAL_TIMEx_MasterConfigSynchronization    0x080024ef   Thumb Code    98  stm32f1xx_hal_tim_ex.o(i.HAL_TIMEx_MasterConfigSynchronization)
    HAL_TIM_Base_Init                        0x08002551   Thumb Code    52  stm32f1xx_hal_tim.o(i.HAL_TIM_Base_Init)
    HAL_TIM_Base_MspInit                     0x08002585   Thumb Code   194  stm32f1xx_hal_msp.o(i.HAL_TIM_Base_MspInit)
    HAL_TIM_Base_Start                       0x08002655   Thumb Code    30  stm32f1xx_hal_tim.o(i.HAL_TIM_Base_Start)
    HAL_TIM_Base_Start_IT                    0x08002673   Thumb Code    30  stm32f1xx_hal_tim.o(i.HAL_TIM_Base_Start_IT)
    HAL_TIM_Base_Stop                        0x08002691   Thumb Code    56  stm32f1xx_hal_tim.o(i.HAL_TIM_Base_Stop)
    HAL_TIM_ConfigClockSource                0x080026c9   Thumb Code   306  stm32f1xx_hal_tim.o(i.HAL_TIM_ConfigClockSource)
    HAL_TIM_IC_CaptureCallback               0x080027fb   Thumb Code     2  stm32f1xx_hal_tim.o(i.HAL_TIM_IC_CaptureCallback)
    HAL_TIM_IRQHandler                       0x080027fd   Thumb Code   406  stm32f1xx_hal_tim.o(i.HAL_TIM_IRQHandler)
    HAL_TIM_MspPostInit                      0x08002995   Thumb Code   212  stm32f1xx_hal_msp.o(i.HAL_TIM_MspPostInit)
    HAL_TIM_OC_DelayElapsedCallback          0x08002a7d   Thumb Code     2  stm32f1xx_hal_tim.o(i.HAL_TIM_OC_DelayElapsedCallback)
    HAL_TIM_OC_Init                          0x08002a7f   Thumb Code    52  stm32f1xx_hal_tim.o(i.HAL_TIM_OC_Init)
    HAL_TIM_OC_MspInit                       0x08002ab3   Thumb Code     2  stm32f1xx_hal_tim.o(i.HAL_TIM_OC_MspInit)
    HAL_TIM_OC_Start                         0x08002ab5   Thumb Code    60  stm32f1xx_hal_tim.o(i.HAL_TIM_OC_Start)
    HAL_TIM_PWM_ConfigChannel                0x08002af5   Thumb Code   264  stm32f1xx_hal_tim.o(i.HAL_TIM_PWM_ConfigChannel)
    HAL_TIM_PWM_Init                         0x08002bfd   Thumb Code    52  stm32f1xx_hal_tim.o(i.HAL_TIM_PWM_Init)
    HAL_TIM_PWM_MspInit                      0x08002c31   Thumb Code     2  stm32f1xx_hal_tim.o(i.HAL_TIM_PWM_MspInit)
    HAL_TIM_PWM_PulseFinishedCallback        0x08002c33   Thumb Code     2  stm32f1xx_hal_tim.o(i.HAL_TIM_PWM_PulseFinishedCallback)
    HAL_TIM_PWM_Start                        0x08002c35   Thumb Code    60  stm32f1xx_hal_tim.o(i.HAL_TIM_PWM_Start)
    HAL_TIM_PeriodElapsedCallback            0x08002c75   Thumb Code   126  main.o(i.HAL_TIM_PeriodElapsedCallback)
    HAL_TIM_TriggerCallback                  0x08002d11   Thumb Code     2  stm32f1xx_hal_tim.o(i.HAL_TIM_TriggerCallback)
    HardFault_Handler                        0x08002d13   Thumb Code     4  stm32f1xx_it.o(i.HardFault_Handler)
    MX_ADC1_Init                             0x08003001   Thumb Code    82  main.o(i.MX_ADC1_Init)
    MX_GPIO_Init                             0x0800305d   Thumb Code   230  main.o(i.MX_GPIO_Init)
    MX_I2C1_Init                             0x08003155   Thumb Code    48  main.o(i.MX_I2C1_Init)
    MX_TIM1_Init                             0x08003191   Thumb Code   238  main.o(i.MX_TIM1_Init)
    MX_USB_DEVICE_Init                       0x08003369   Thumb Code    44  usb_device.o(i.MX_USB_DEVICE_Init)
    MemManage_Handler                        0x080033a5   Thumb Code     4  stm32f1xx_it.o(i.MemManage_Handler)
    NMI_Handler                              0x080033a9   Thumb Code     2  stm32f1xx_it.o(i.NMI_Handler)
    PendSV_Handler                           0x08003829   Thumb Code     2  stm32f1xx_it.o(i.PendSV_Handler)
    PlayMCMelody                             0x0800382d   Thumb Code   116  main.o(i.PlayMCMelody)
    PlayNeverMeant                           0x080038c1   Thumb Code    52  main.o(i.PlayNeverMeant)
    RGB_POWER                                0x08003931   Thumb Code    14  main.o(i.RGB_POWER)
    SVC_Handler                              0x08003945   Thumb Code     2  stm32f1xx_it.o(i.SVC_Handler)
    SetBPM                                   0x08003949   Thumb Code    14  main.o(i.SetBPM)
    Stop                                     0x0800395d   Thumb Code    10  main.o(i.Stop)
    SysTick_Handler                          0x08003971   Thumb Code     8  stm32f1xx_it.o(i.SysTick_Handler)
    SystemClock_Config                       0x08003979   Thumb Code   136  main.o(i.SystemClock_Config)
    SystemInit                               0x08003a01   Thumb Code    70  system_stm32f1xx.o(i.SystemInit)
    TIM2_IRQHandler                          0x08003a59   Thumb Code    10  main.o(i.TIM2_IRQHandler)
    TIM3_IRQHandler                          0x08003a69   Thumb Code    10  stm32f1xx_it.o(i.TIM3_IRQHandler)
    TIM_Base_SetConfig                       0x08003a79   Thumb Code   102  stm32f1xx_hal_tim.o(i.TIM_Base_SetConfig)
    TIM_CCxChannelCmd                        0x08003aed   Thumb Code    28  stm32f1xx_hal_tim.o(i.TIM_CCxChannelCmd)
    TIM_OC2_SetConfig                        0x08003b99   Thumb Code   106  stm32f1xx_hal_tim.o(i.TIM_OC2_SetConfig)
    USBD_CUSTOM_HID_RegisterInterface        0x08003e23   Thumb Code    14  usbd_customhid.o(i.USBD_CUSTOM_HID_RegisterInterface)
    USBD_ClrClassConfig                      0x08003f85   Thumb Code    22  usbd_core.o(i.USBD_ClrClassConfig)
    USBD_CtlContinueRx                       0x08003fdf   Thumb Code    24  usbd_ioreq.o(i.USBD_CtlContinueRx)
    USBD_CtlContinueSendData                 0x08003ff7   Thumb Code    24  usbd_ioreq.o(i.USBD_CtlContinueSendData)
    USBD_CtlError                            0x0800400f   Thumb Code    24  usbd_ctlreq.o(i.USBD_CtlError)
    USBD_CtlPrepareRx                        0x08004027   Thumb Code    40  usbd_ioreq.o(i.USBD_CtlPrepareRx)
    USBD_CtlReceiveStatus                    0x0800404f   Thumb Code    26  usbd_ioreq.o(i.USBD_CtlReceiveStatus)
    USBD_CtlSendData                         0x08004069   Thumb Code    34  usbd_ioreq.o(i.USBD_CtlSendData)
    USBD_CtlSendStatus                       0x0800408b   Thumb Code    26  usbd_ioreq.o(i.USBD_CtlSendStatus)
    USBD_FS_ConfigStrDescriptor              0x080040a5   Thumb Code    34  usbd_desc.o(i.USBD_FS_ConfigStrDescriptor)
    USBD_FS_DeviceDescriptor                 0x080040e1   Thumb Code    10  usbd_desc.o(i.USBD_FS_DeviceDescriptor)
    USBD_FS_InterfaceStrDescriptor           0x080040f1   Thumb Code    34  usbd_desc.o(i.USBD_FS_InterfaceStrDescriptor)
    USBD_FS_LangIDStrDescriptor              0x08004131   Thumb Code    10  usbd_desc.o(i.USBD_FS_LangIDStrDescriptor)
    USBD_FS_ManufacturerStrDescriptor        0x08004141   Thumb Code    20  usbd_desc.o(i.USBD_FS_ManufacturerStrDescriptor)
    USBD_FS_ProductStrDescriptor             0x08004165   Thumb Code    34  usbd_desc.o(i.USBD_FS_ProductStrDescriptor)
    USBD_FS_SerialStrDescriptor              0x080041a1   Thumb Code    34  usbd_desc.o(i.USBD_FS_SerialStrDescriptor)
    USBD_GetString                           0x080043d1   Thumb Code    82  usbd_ctlreq.o(i.USBD_GetString)
    USBD_Init                                0x08004423   Thumb Code    50  usbd_core.o(i.USBD_Init)
    USBD_LL_ClearStallEP                     0x08004455   Thumb Code    20  usbd_conf.o(i.USBD_LL_ClearStallEP)
    USBD_LL_CloseEP                          0x08004469   Thumb Code    20  usbd_conf.o(i.USBD_LL_CloseEP)
    USBD_LL_DataInStage                      0x0800447d   Thumb Code   218  usbd_core.o(i.USBD_LL_DataInStage)
    USBD_LL_DataOutStage                     0x08004557   Thumb Code   134  usbd_core.o(i.USBD_LL_DataOutStage)
    USBD_LL_Init                             0x080045dd   Thumb Code   112  usbd_conf.o(i.USBD_LL_Init)
    USBD_LL_IsStallEP                        0x08004655   Thumb Code    48  usbd_conf.o(i.USBD_LL_IsStallEP)
    USBD_LL_OpenEP                           0x08004685   Thumb Code    32  usbd_conf.o(i.USBD_LL_OpenEP)
    USBD_LL_PrepareReceive                   0x080046a5   Thumb Code    32  usbd_conf.o(i.USBD_LL_PrepareReceive)
    USBD_LL_Reset                            0x080046c5   Thumb Code    68  usbd_core.o(i.USBD_LL_Reset)
    USBD_LL_Resume                           0x08004709   Thumb Code    14  usbd_core.o(i.USBD_LL_Resume)
    USBD_LL_SOF                              0x08004717   Thumb Code    34  usbd_core.o(i.USBD_LL_SOF)
    USBD_LL_SetSpeed                         0x08004739   Thumb Code     8  usbd_core.o(i.USBD_LL_SetSpeed)
    USBD_LL_SetUSBAddress                    0x08004741   Thumb Code    20  usbd_conf.o(i.USBD_LL_SetUSBAddress)
    USBD_LL_SetupStage                       0x08004755   Thumb Code   110  usbd_core.o(i.USBD_LL_SetupStage)
    USBD_LL_StallEP                          0x080047c3   Thumb Code    20  usbd_conf.o(i.USBD_LL_StallEP)
    USBD_LL_Start                            0x080047d7   Thumb Code    16  usbd_conf.o(i.USBD_LL_Start)
    USBD_LL_Suspend                          0x080047e7   Thumb Code    20  usbd_core.o(i.USBD_LL_Suspend)
    USBD_LL_Transmit                         0x080047fb   Thumb Code    32  usbd_conf.o(i.USBD_LL_Transmit)
    USBD_ParseSetupRequest                   0x0800481b   Thumb Code    40  usbd_ctlreq.o(i.USBD_ParseSetupRequest)
    USBD_RegisterClass                       0x08004843   Thumb Code    16  usbd_core.o(i.USBD_RegisterClass)
    USBD_RunTestMode                         0x08004853   Thumb Code     6  usbd_core.o(i.USBD_RunTestMode)
    USBD_SetClassConfig                      0x080048ad   Thumb Code    34  usbd_core.o(i.USBD_SetClassConfig)
    USBD_Start                               0x080049d5   Thumb Code    14  usbd_core.o(i.USBD_Start)
    USBD_StdDevReq                           0x080049e3   Thumb Code   114  usbd_ctlreq.o(i.USBD_StdDevReq)
    USBD_StdEPReq                            0x08004a55   Thumb Code   342  usbd_ctlreq.o(i.USBD_StdEPReq)
    USBD_StdItfReq                           0x08004bab   Thumb Code    74  usbd_ctlreq.o(i.USBD_StdItfReq)
    USBD_static_free                         0x08004bf5   Thumb Code     2  usbd_conf.o(i.USBD_static_free)
    USBD_static_malloc                       0x08004bf9   Thumb Code     6  usbd_conf.o(i.USBD_static_malloc)
    USB_ActivateEndpoint                     0x08004c05   Thumb Code   938  stm32f1xx_ll_usb.o(i.USB_ActivateEndpoint)
    USB_CoreInit                             0x08004faf   Thumb Code     8  stm32f1xx_ll_usb.o(i.USB_CoreInit)
    USB_DeactivateEndpoint                   0x08004fb7   Thumb Code   532  stm32f1xx_ll_usb.o(i.USB_DeactivateEndpoint)
    USB_DevConnect                           0x080051cb   Thumb Code     6  stm32f1xx_ll_usb.o(i.USB_DevConnect)
    USB_DevDisconnect                        0x080051d1   Thumb Code     6  stm32f1xx_ll_usb.o(i.USB_DevDisconnect)
    USB_DevInit                              0x080051d7   Thumb Code    30  stm32f1xx_ll_usb.o(i.USB_DevInit)
    USB_DisableGlobalInt                     0x080051f5   Thumb Code    22  stm32f1xx_ll_usb.o(i.USB_DisableGlobalInt)
    USB_EP0_OutStart                         0x0800520b   Thumb Code     6  stm32f1xx_ll_usb.o(i.USB_EP0_OutStart)
    USB_EPClearStall                         0x08005211   Thumb Code   180  stm32f1xx_ll_usb.o(i.USB_EPClearStall)
    USB_EPSetStall                           0x080052c5   Thumb Code   134  stm32f1xx_ll_usb.o(i.USB_EPSetStall)
    USB_EPStartXfer                          0x0800534b   Thumb Code   818  stm32f1xx_ll_usb.o(i.USB_EPStartXfer)
    USB_EnableGlobalInt                      0x0800567d   Thumb Code    22  stm32f1xx_ll_usb.o(i.USB_EnableGlobalInt)
    USB_LP_CAN1_RX0_IRQHandler               0x08005695   Thumb Code    10  stm32f1xx_it.o(i.USB_LP_CAN1_RX0_IRQHandler)
    USB_ReadInterrupts                       0x080056a5   Thumb Code    10  stm32f1xx_ll_usb.o(i.USB_ReadInterrupts)
    USB_ReadPMA                              0x080056af   Thumb Code    40  stm32f1xx_ll_usb.o(i.USB_ReadPMA)
    USB_SetCurrentMode                       0x080056d7   Thumb Code     6  stm32f1xx_ll_usb.o(i.USB_SetCurrentMode)
    USB_SetDevAddress                        0x080056dd   Thumb Code    14  stm32f1xx_ll_usb.o(i.USB_SetDevAddress)
    USB_WritePMA                             0x080056eb   Thumb Code    66  stm32f1xx_ll_usb.o(i.USB_WritePMA)
    UsageFault_Handler                       0x0800572d   Thumb Code     4  stm32f1xx_it.o(i.UsageFault_Handler)
    main                                     0x08005731   Thumb Code   272  main.o(i.main)
    ssd1306_DrawPixel                        0x08005875   Thumb Code    80  ssd1306.o(i.ssd1306_DrawPixel)
    ssd1306_Fill                             0x080058c9   Thumb Code    28  ssd1306.o(i.ssd1306_Fill)
    ssd1306_Init                             0x080058e9   Thumb Code   142  ssd1306.o(i.ssd1306_Init)
    ssd1306_SetCursor                        0x080059b5   Thumb Code     8  ssd1306.o(i.ssd1306_SetCursor)
    ssd1306_UpdateScreen                     0x080059c1   Thumb Code    46  ssd1306.o(i.ssd1306_UpdateScreen)
    ssd1306_WriteChar                        0x080059fd   Thumb Code   180  ssd1306.o(i.ssd1306_WriteChar)
    ssd1306_WriteString                      0x08005ab5   Thumb Code    34  ssd1306.o(i.ssd1306_WriteString)
    AHBPrescTable                            0x0800606d   Data          16  system_stm32f1xx.o(.constdata)
    APBPrescTable                            0x0800607d   Data           8  system_stm32f1xx.o(.constdata)
    Region$$Table$$Base                      0x08006088   Number         0  anon$$obj.o(Region$$Table)
    Region$$Table$$Limit                     0x080060a8   Number         0  anon$$obj.o(Region$$Table)
    USBD_CustomHID_fops_FS                   0x2000004c   Data          24  usbd_custom_hid_if.o(.data)
    RGB                                      0x20000064   Data           6  usbd_custom_hid_if.o(.data)
    FS_Desc                                  0x2000006c   Data          28  usbd_desc.o(.data)
    USBD_FS_DeviceDesc                       0x20000088   Data          18  usbd_desc.o(.data)
    USBD_LangIDDesc                          0x2000009c   Data           4  usbd_desc.o(.data)
    Font_7x9                                 0x200000a0   Data          12  fonts.o(.data)
    dev_connected                            0x200000ac   Data           1  main.o(.data)
    mcbass                                   0x200000ae   Data         656  main.o(.data)
    mc                                       0x2000033e   Data         656  main.o(.data)
    mc_back                                  0x200005ce   Data         720  main.o(.data)
    mc_drums                                 0x2000089e   Data         720  main.o(.data)
    NeverMeant                               0x20000b6e   Data         640  main.o(.data)
    S_ON                                     0x20000dee   Data           2  main.o(.data)
    Delay                                    0x20000df0   Data           1  main.o(.data)
    del                                      0x20000df1   Data           1  main.o(.data)
    melody                                   0x20000df2   Data           1  main.o(.data)
    length                                   0x20000df4   Data           2  main.o(.data)
    USBD_CUSTOM_HID                          0x20000df8   Data          60  usbd_customhid.o(.data)
    SystemCoreClock                          0x20000e78   Data           4  system_stm32f1xx.o(.data)
    uwTick                                   0x20000e7c   Data           4  stm32f1xx_hal.o(.data)
    uwTickPrio                               0x20000e80   Data           4  stm32f1xx_hal.o(.data)
    uwTickFreq                               0x20000e84   Data           1  stm32f1xx_hal.o(.data)
    USBD_StrDesc                             0x20000e88   Data         512  usbd_desc.o(.bss)
    hi2c1                                    0x20001088   Data          84  main.o(.bss)
    hadc1                                    0x200010dc   Data          48  main.o(.bss)
    htim1                                    0x2000110c   Data          64  main.o(.bss)
    htim2                                    0x2000114c   Data          64  main.o(.bss)
    htim3                                    0x2000118c   Data          64  main.o(.bss)
    sound                                    0x200011cc   Data        2048  main.o(.bss)
    hUsbDeviceFS                             0x20001e2c   Data         548  usb_device.o(.bss)
    hpcd_USB_FS                              0x20002050   Data        1120  usbd_conf.o(.bss)
    __libspace_start                         0x20002508   Data          96  libspace.o(.bss)
    __temporary_stack_top$libspace           0x20002568   Data           0  libspace.o(.bss)



==============================================================================

Memory Map of the image

  Image Entry point : 0x080000ed

  Load Region LR_IROM1 (Base: 0x08000000, Size: 0x00006f30, Max: 0x00010000, ABSOLUTE, COMPRESSED[0x000062bc])

    Execution Region ER_IROM1 (Exec base: 0x08000000, Load base: 0x08000000, Size: 0x000060a8, Max: 0x00010000, ABSOLUTE)

    Exec Addr    Load Addr    Size         Type   Attr      Idx    E Section Name        Object

    0x08000000   0x08000000   0x000000ec   Data   RO         4975    RESET               startup_stm32f103xb.o
    0x080000ec   0x080000ec   0x00000008   Code   RO         4992  * !!!main             c_w.l(__main.o)
    0x080000f4   0x080000f4   0x00000034   Code   RO         5151    !!!scatter          c_w.l(__scatter.o)
    0x08000128   0x08000128   0x0000005a   Code   RO         5149    !!dczerorl2         c_w.l(__dczerorl2.o)
    0x08000182   0x08000182   0x00000002   PAD
    0x08000184   0x08000184   0x0000001c   Code   RO         5153    !!handler_zi        c_w.l(__scatter_zi.o)
    0x080001a0   0x080001a0   0x00000002   Code   RO         5019    .ARM.Collect$$libinit$$00000000  c_w.l(libinit.o)
    0x080001a2   0x080001a2   0x00000000   Code   RO         5026    .ARM.Collect$$libinit$$00000002  c_w.l(libinit2.o)
    0x080001a2   0x080001a2   0x00000000   Code   RO         5028    .ARM.Collect$$libinit$$00000004  c_w.l(libinit2.o)
    0x080001a2   0x080001a2   0x00000000   Code   RO         5031    .ARM.Collect$$libinit$$0000000A  c_w.l(libinit2.o)
    0x080001a2   0x080001a2   0x00000000   Code   RO         5033    .ARM.Collect$$libinit$$0000000C  c_w.l(libinit2.o)
    0x080001a2   0x080001a2   0x00000000   Code   RO         5035    .ARM.Collect$$libinit$$0000000E  c_w.l(libinit2.o)
    0x080001a2   0x080001a2   0x00000000   Code   RO         5038    .ARM.Collect$$libinit$$00000011  c_w.l(libinit2.o)
    0x080001a2   0x080001a2   0x00000000   Code   RO         5040    .ARM.Collect$$libinit$$00000013  c_w.l(libinit2.o)
    0x080001a2   0x080001a2   0x00000000   Code   RO         5042    .ARM.Collect$$libinit$$00000015  c_w.l(libinit2.o)
    0x080001a2   0x080001a2   0x00000000   Code   RO         5044    .ARM.Collect$$libinit$$00000017  c_w.l(libinit2.o)
    0x080001a2   0x080001a2   0x00000000   Code   RO         5046    .ARM.Collect$$libinit$$00000019  c_w.l(libinit2.o)
    0x080001a2   0x080001a2   0x00000000   Code   RO         5048    .ARM.Collect$$libinit$$0000001B  c_w.l(libinit2.o)
    0x080001a2   0x080001a2   0x00000000   Code   RO         5050    .ARM.Collect$$libinit$$0000001D  c_w.l(libinit2.o)
    0x080001a2   0x080001a2   0x00000000   Code   RO         5052    .ARM.Collect$$libinit$$0000001F  c_w.l(libinit2.o)
    0x080001a2   0x080001a2   0x00000000   Code   RO         5054    .ARM.Collect$$libinit$$00000021  c_w.l(libinit2.o)
    0x080001a2   0x080001a2   0x00000000   Code   RO         5056    .ARM.Collect$$libinit$$00000023  c_w.l(libinit2.o)
    0x080001a2   0x080001a2   0x00000000   Code   RO         5058    .ARM.Collect$$libinit$$00000025  c_w.l(libinit2.o)
    0x080001a2   0x080001a2   0x00000000   Code   RO         5062    .ARM.Collect$$libinit$$0000002C  c_w.l(libinit2.o)
    0x080001a2   0x080001a2   0x00000000   Code   RO         5064    .ARM.Collect$$libinit$$0000002E  c_w.l(libinit2.o)
    0x080001a2   0x080001a2   0x00000000   Code   RO         5066    .ARM.Collect$$libinit$$00000030  c_w.l(libinit2.o)
    0x080001a2   0x080001a2   0x00000000   Code   RO         5068    .ARM.Collect$$libinit$$00000032  c_w.l(libinit2.o)
    0x080001a2   0x080001a2   0x00000002   Code   RO         5069    .ARM.Collect$$libinit$$00000033  c_w.l(libinit2.o)
    0x080001a4   0x080001a4   0x00000002   Code   RO         5089    .ARM.Collect$$libshutdown$$00000000  c_w.l(libshutdown.o)
    0x080001a6   0x080001a6   0x00000000   Code   RO         5102    .ARM.Collect$$libshutdown$$00000002  c_w.l(libshutdown2.o)
    0x080001a6   0x080001a6   0x00000000   Code   RO         5104    .ARM.Collect$$libshutdown$$00000004  c_w.l(libshutdown2.o)
    0x080001a6   0x080001a6   0x00000000   Code   RO         5107    .ARM.Collect$$libshutdown$$00000007  c_w.l(libshutdown2.o)
    0x080001a6   0x080001a6   0x00000000   Code   RO         5110    .ARM.Collect$$libshutdown$$0000000A  c_w.l(libshutdown2.o)
    0x080001a6   0x080001a6   0x00000000   Code   RO         5112    .ARM.Collect$$libshutdown$$0000000C  c_w.l(libshutdown2.o)
    0x080001a6   0x080001a6   0x00000000   Code   RO         5115    .ARM.Collect$$libshutdown$$0000000F  c_w.l(libshutdown2.o)
    0x080001a6   0x080001a6   0x00000002   Code   RO         5116    .ARM.Collect$$libshutdown$$00000010  c_w.l(libshutdown2.o)
    0x080001a8   0x080001a8   0x00000000   Code   RO         4994    .ARM.Collect$$rtentry$$00000000  c_w.l(__rtentry.o)
    0x080001a8   0x080001a8   0x00000000   Code   RO         4996    .ARM.Collect$$rtentry$$00000002  c_w.l(__rtentry2.o)
    0x080001a8   0x080001a8   0x00000006   Code   RO         5008    .ARM.Collect$$rtentry$$00000004  c_w.l(__rtentry4.o)
    0x080001ae   0x080001ae   0x00000000   Code   RO         4998    .ARM.Collect$$rtentry$$00000009  c_w.l(__rtentry2.o)
    0x080001ae   0x080001ae   0x00000004   Code   RO         4999    .ARM.Collect$$rtentry$$0000000A  c_w.l(__rtentry2.o)
    0x080001b2   0x080001b2   0x00000000   Code   RO         5001    .ARM.Collect$$rtentry$$0000000C  c_w.l(__rtentry2.o)
    0x080001b2   0x080001b2   0x00000008   Code   RO         5002    .ARM.Collect$$rtentry$$0000000D  c_w.l(__rtentry2.o)
    0x080001ba   0x080001ba   0x00000002   Code   RO         5023    .ARM.Collect$$rtexit$$00000000  c_w.l(rtexit.o)
    0x080001bc   0x080001bc   0x00000000   Code   RO         5071    .ARM.Collect$$rtexit$$00000002  c_w.l(rtexit2.o)
    0x080001bc   0x080001bc   0x00000004   Code   RO         5072    .ARM.Collect$$rtexit$$00000003  c_w.l(rtexit2.o)
    0x080001c0   0x080001c0   0x00000006   Code   RO         5073    .ARM.Collect$$rtexit$$00000004  c_w.l(rtexit2.o)
    0x080001c6   0x080001c6   0x00000002   PAD
    0x080001c8   0x080001c8   0x00000040   Code   RO         4976    .text               startup_stm32f103xb.o
    0x08000208   0x08000208   0x0000008a   Code   RO         4984    .text               c_w.l(rt_memcpy_v6.o)
    0x08000292   0x08000292   0x00000064   Code   RO         4986    .text               c_w.l(rt_memcpy_w.o)
    0x080002f6   0x080002f6   0x0000004e   Code   RO         4988    .text               c_w.l(rt_memclr_w.o)
    0x08000344   0x08000344   0x00000006   Code   RO         4990    .text               c_w.l(heapauxi.o)
    0x0800034a   0x0800034a   0x0000004a   Code   RO         5010    .text               c_w.l(sys_stackheap_outer.o)
    0x08000394   0x08000394   0x00000012   Code   RO         5012    .text               c_w.l(exit.o)
    0x080003a6   0x080003a6   0x00000002   PAD
    0x080003a8   0x080003a8   0x00000008   Code   RO         5020    .text               c_w.l(libspace.o)
    0x080003b0   0x080003b0   0x0000000c   Code   RO         5081    .text               c_w.l(sys_exit.o)
    0x080003bc   0x080003bc   0x00000002   Code   RO         5092    .text               c_w.l(use_no_semi.o)
    0x080003be   0x080003be   0x00000000   Code   RO         5094    .text               c_w.l(indicate_semi.o)
    0x080003be   0x080003be   0x00000052   Code   RO         1556    i.ADC_ConversionStop_Disable  stm32f1xx_hal_adc.o
    0x08000410   0x08000410   0x00000084   Code   RO         1560    i.ADC_Enable        stm32f1xx_hal_adc.o
    0x08000494   0x08000494   0x00000044   Code   RO          382    i.ADC_V             main.o
    0x080004d8   0x080004d8   0x00000004   Code   RO          653    i.BusFault_Handler  stm32f1xx_it.o
    0x080004dc   0x080004dc   0x00000004   Code   RO            4    i.CUSTOM_HID_DeInit_FS  usbd_custom_hid_if.o
    0x080004e0   0x080004e0   0x00000004   Code   RO            5    i.CUSTOM_HID_Init_FS  usbd_custom_hid_if.o
    0x080004e4   0x080004e4   0x00000010   Code   RO            6    i.CUSTOM_HID_OutEvent_FS  usbd_custom_hid_if.o
    0x080004f4   0x080004f4   0x00000032   Code   RO            7    i.CustomHID_FeatureReportLength  usbd_custom_hid_if.o
    0x08000526   0x08000526   0x00000002   PAD
    0x08000528   0x08000528   0x00000084   Code   RO            8    i.CustomHID_GetFeature  usbd_custom_hid_if.o
    0x080005ac   0x080005ac   0x00000058   Code   RO            9    i.CustomHID_SetFeature  usbd_custom_hid_if.o
    0x08000604   0x08000604   0x00000002   Code   RO          654    i.DebugMon_Handler  stm32f1xx_it.o
    0x08000606   0x08000606   0x00000006   Code   RO          383    i.Error_Handler     main.o
    0x0800060c   0x0800060c   0x00000160   Code   RO         1562    i.HAL_ADC_ConfigChannel  stm32f1xx_hal_adc.o
    0x0800076c   0x0800076c   0x00000008   Code   RO         1569    i.HAL_ADC_GetValue  stm32f1xx_hal_adc.o
    0x08000774   0x08000774   0x00000144   Code   RO         1571    i.HAL_ADC_Init      stm32f1xx_hal_adc.o
    0x080008b8   0x080008b8   0x00000070   Code   RO          588    i.HAL_ADC_MspInit   stm32f1xx_hal_msp.o
    0x08000928   0x08000928   0x00000170   Code   RO         1575    i.HAL_ADC_PollForConversion  stm32f1xx_hal_adc.o
    0x08000a98   0x08000a98   0x00000130   Code   RO         1577    i.HAL_ADC_Start     stm32f1xx_hal_adc.o
    0x08000bc8   0x08000bc8   0x00000040   Code   RO         1580    i.HAL_ADC_Stop      stm32f1xx_hal_adc.o
    0x08000c08   0x08000c08   0x00000028   Code   RO         1404    i.HAL_Delay         stm32f1xx_hal.o
    0x08000c30   0x08000c30   0x0000031c   Code   RO         2369    i.HAL_GPIO_Init     stm32f1xx_hal_gpio.o
    0x08000f4c   0x08000f4c   0x00000010   Code   RO         2371    i.HAL_GPIO_ReadPin  stm32f1xx_hal_gpio.o
    0x08000f5c   0x08000f5c   0x0000000c   Code   RO         1408    i.HAL_GetTick       stm32f1xx_hal.o
    0x08000f68   0x08000f68   0x0000017c   Code   RO         2497    i.HAL_I2C_Init      stm32f1xx_hal_i2c.o
    0x080010e4   0x080010e4   0x00000188   Code   RO         2516    i.HAL_I2C_Mem_Write  stm32f1xx_hal_i2c.o
    0x0800126c   0x0800126c   0x00000068   Code   RO          590    i.HAL_I2C_MspInit   stm32f1xx_hal_msp.o
    0x080012d4   0x080012d4   0x00000018   Code   RO         1412    i.HAL_IncTick       stm32f1xx_hal.o
    0x080012ec   0x080012ec   0x00000028   Code   RO         1413    i.HAL_Init          stm32f1xx_hal.o
    0x08001314   0x08001314   0x0000004c   Code   RO         1414    i.HAL_InitTick      stm32f1xx_hal.o
    0x08001360   0x08001360   0x0000005c   Code   RO          591    i.HAL_MspInit       stm32f1xx_hal_msp.o
    0x080013bc   0x080013bc   0x0000001a   Code   RO         1870    i.HAL_NVIC_EnableIRQ  stm32f1xx_hal_cortex.o
    0x080013d6   0x080013d6   0x0000007c   Code   RO         1876    i.HAL_NVIC_SetPriority  stm32f1xx_hal_cortex.o
    0x08001452   0x08001452   0x00000002   PAD
    0x08001454   0x08001454   0x00000028   Code   RO         1877    i.HAL_NVIC_SetPriorityGrouping  stm32f1xx_hal_cortex.o
    0x0800147c   0x0800147c   0x0000003e   Code   RO         3260    i.HAL_PCDEx_PMAConfig  stm32f1xx_hal_pcd_ex.o
    0x080014ba   0x080014ba   0x00000002   Code   RO          779    i.HAL_PCDEx_SetConnectionState  usbd_conf.o
    0x080014bc   0x080014bc   0x0000001c   Code   RO          781    i.HAL_PCD_DataInStageCallback  usbd_conf.o
    0x080014d8   0x080014d8   0x0000001c   Code   RO          782    i.HAL_PCD_DataOutStageCallback  usbd_conf.o
    0x080014f4   0x080014f4   0x00000064   Code   RO         3054    i.HAL_PCD_EP_Close  stm32f1xx_hal_pcd.o
    0x08001558   0x08001558   0x00000062   Code   RO         3055    i.HAL_PCD_EP_ClrStall  stm32f1xx_hal_pcd.o
    0x080015ba   0x080015ba   0x00000076   Code   RO         3058    i.HAL_PCD_EP_Open   stm32f1xx_hal_pcd.o
    0x08001630   0x08001630   0x0000004a   Code   RO         3059    i.HAL_PCD_EP_Receive  stm32f1xx_hal_pcd.o
    0x0800167a   0x0800167a   0x00000072   Code   RO         3060    i.HAL_PCD_EP_SetStall  stm32f1xx_hal_pcd.o
    0x080016ec   0x080016ec   0x0000004c   Code   RO         3061    i.HAL_PCD_EP_Transmit  stm32f1xx_hal_pcd.o
    0x08001738   0x08001738   0x00000168   Code   RO         3063    i.HAL_PCD_IRQHandler  stm32f1xx_hal_pcd.o
    0x080018a0   0x080018a0   0x0000011a   Code   RO         3066    i.HAL_PCD_Init      stm32f1xx_hal_pcd.o
    0x080019ba   0x080019ba   0x00000002   PAD
    0x080019bc   0x080019bc   0x00000044   Code   RO          787    i.HAL_PCD_MspInit   usbd_conf.o
    0x08001a00   0x08001a00   0x0000002a   Code   RO          788    i.HAL_PCD_ResetCallback  usbd_conf.o
    0x08001a2a   0x08001a2a   0x00000002   PAD
    0x08001a2c   0x08001a2c   0x00000018   Code   RO          789    i.HAL_PCD_ResumeCallback  usbd_conf.o
    0x08001a44   0x08001a44   0x0000000e   Code   RO          790    i.HAL_PCD_SOFCallback  usbd_conf.o
    0x08001a52   0x08001a52   0x00000036   Code   RO         3072    i.HAL_PCD_SetAddress  stm32f1xx_hal_pcd.o
    0x08001a88   0x08001a88   0x00000012   Code   RO          791    i.HAL_PCD_SetupStageCallback  usbd_conf.o
    0x08001a9a   0x08001a9a   0x0000003c   Code   RO         3074    i.HAL_PCD_Start     stm32f1xx_hal_pcd.o
    0x08001ad6   0x08001ad6   0x00000002   PAD
    0x08001ad8   0x08001ad8   0x00000024   Code   RO          792    i.HAL_PCD_SuspendCallback  usbd_conf.o
    0x08001afc   0x08001afc   0x00000120   Code   RO         3523    i.HAL_RCCEx_GetPeriphCLKFreq  stm32f1xx_hal_rcc_ex.o
    0x08001c1c   0x08001c1c   0x00000130   Code   RO         3524    i.HAL_RCCEx_PeriphCLKConfig  stm32f1xx_hal_rcc_ex.o
    0x08001d4c   0x08001d4c   0x000001a4   Code   RO         3416    i.HAL_RCC_ClockConfig  stm32f1xx_hal_rcc.o
    0x08001ef0   0x08001ef0   0x0000000c   Code   RO         3421    i.HAL_RCC_GetHCLKFreq  stm32f1xx_hal_rcc.o
    0x08001efc   0x08001efc   0x00000020   Code   RO         3423    i.HAL_RCC_GetPCLK1Freq  stm32f1xx_hal_rcc.o
    0x08001f1c   0x08001f1c   0x00000020   Code   RO         3424    i.HAL_RCC_GetPCLK2Freq  stm32f1xx_hal_rcc.o
    0x08001f3c   0x08001f3c   0x00000094   Code   RO         3425    i.HAL_RCC_GetSysClockFreq  stm32f1xx_hal_rcc.o
    0x08001fd0   0x08001fd0   0x00000440   Code   RO         3428    i.HAL_RCC_OscConfig  stm32f1xx_hal_rcc.o
    0x08002410   0x08002410   0x00000028   Code   RO         1879    i.HAL_SYSTICK_CLKSourceConfig  stm32f1xx_hal_cortex.o
    0x08002438   0x08002438   0x00000034   Code   RO         1881    i.HAL_SYSTICK_Config  stm32f1xx_hal_cortex.o
    0x0800246c   0x0800246c   0x00000002   Code   RO         4325    i.HAL_TIMEx_BreakCallback  stm32f1xx_hal_tim_ex.o
    0x0800246e   0x0800246e   0x00000002   Code   RO         4326    i.HAL_TIMEx_CommutationCallback  stm32f1xx_hal_tim_ex.o
    0x08002470   0x08002470   0x0000007e   Code   RO         4327    i.HAL_TIMEx_ConfigBreakDeadTime  stm32f1xx_hal_tim_ex.o
    0x080024ee   0x080024ee   0x00000062   Code   RO         4342    i.HAL_TIMEx_MasterConfigSynchronization  stm32f1xx_hal_tim_ex.o
    0x08002550   0x08002550   0x00000034   Code   RO         3686    i.HAL_TIM_Base_Init  stm32f1xx_hal_tim.o
    0x08002584   0x08002584   0x000000d0   Code   RO          593    i.HAL_TIM_Base_MspInit  stm32f1xx_hal_msp.o
    0x08002654   0x08002654   0x0000001e   Code   RO         3689    i.HAL_TIM_Base_Start  stm32f1xx_hal_tim.o
    0x08002672   0x08002672   0x0000001e   Code   RO         3691    i.HAL_TIM_Base_Start_IT  stm32f1xx_hal_tim.o
    0x08002690   0x08002690   0x00000038   Code   RO         3692    i.HAL_TIM_Base_Stop  stm32f1xx_hal_tim.o
    0x080026c8   0x080026c8   0x00000132   Code   RO         3695    i.HAL_TIM_ConfigClockSource  stm32f1xx_hal_tim.o
    0x080027fa   0x080027fa   0x00000002   Code   RO         3715    i.HAL_TIM_IC_CaptureCallback  stm32f1xx_hal_tim.o
    0x080027fc   0x080027fc   0x00000196   Code   RO         3728    i.HAL_TIM_IRQHandler  stm32f1xx_hal_tim.o
    0x08002992   0x08002992   0x00000002   PAD
    0x08002994   0x08002994   0x000000e8   Code   RO          594    i.HAL_TIM_MspPostInit  stm32f1xx_hal_msp.o
    0x08002a7c   0x08002a7c   0x00000002   Code   RO         3731    i.HAL_TIM_OC_DelayElapsedCallback  stm32f1xx_hal_tim.o
    0x08002a7e   0x08002a7e   0x00000034   Code   RO         3733    i.HAL_TIM_OC_Init   stm32f1xx_hal_tim.o
    0x08002ab2   0x08002ab2   0x00000002   Code   RO         3735    i.HAL_TIM_OC_MspInit  stm32f1xx_hal_tim.o
    0x08002ab4   0x08002ab4   0x00000040   Code   RO         3736    i.HAL_TIM_OC_Start  stm32f1xx_hal_tim.o
    0x08002af4   0x08002af4   0x00000108   Code   RO         3752    i.HAL_TIM_PWM_ConfigChannel  stm32f1xx_hal_tim.o
    0x08002bfc   0x08002bfc   0x00000034   Code   RO         3755    i.HAL_TIM_PWM_Init  stm32f1xx_hal_tim.o
    0x08002c30   0x08002c30   0x00000002   Code   RO         3757    i.HAL_TIM_PWM_MspInit  stm32f1xx_hal_tim.o
    0x08002c32   0x08002c32   0x00000002   Code   RO         3758    i.HAL_TIM_PWM_PulseFinishedCallback  stm32f1xx_hal_tim.o
    0x08002c34   0x08002c34   0x00000040   Code   RO         3759    i.HAL_TIM_PWM_Start  stm32f1xx_hal_tim.o
    0x08002c74   0x08002c74   0x0000009c   Code   RO          384    i.HAL_TIM_PeriodElapsedCallback  main.o
    0x08002d10   0x08002d10   0x00000002   Code   RO         3769    i.HAL_TIM_TriggerCallback  stm32f1xx_hal_tim.o
    0x08002d12   0x08002d12   0x00000004   Code   RO          655    i.HardFault_Handler  stm32f1xx_it.o
    0x08002d16   0x08002d16   0x00000034   Code   RO         2535    i.I2C_IsAcknowledgeFailed  stm32f1xx_hal_i2c.o
    0x08002d4a   0x08002d4a   0x00000002   PAD
    0x08002d4c   0x08002d4c   0x000000e0   Code   RO         2546    i.I2C_RequestMemoryWrite  stm32f1xx_hal_i2c.o
    0x08002e2c   0x08002e2c   0x00000056   Code   RO         2554    i.I2C_WaitOnBTFFlagUntilTimeout  stm32f1xx_hal_i2c.o
    0x08002e82   0x08002e82   0x0000007c   Code   RO         2555    i.I2C_WaitOnFlagUntilTimeout  stm32f1xx_hal_i2c.o
    0x08002efe   0x08002efe   0x000000ac   Code   RO         2556    i.I2C_WaitOnMasterAddressFlagUntilTimeout  stm32f1xx_hal_i2c.o
    0x08002faa   0x08002faa   0x00000056   Code   RO         2559    i.I2C_WaitOnTXEFlagUntilTimeout  stm32f1xx_hal_i2c.o
    0x08003000   0x08003000   0x0000005c   Code   RO          385    i.MX_ADC1_Init      main.o
    0x0800305c   0x0800305c   0x000000f8   Code   RO          386    i.MX_GPIO_Init      main.o
    0x08003154   0x08003154   0x0000003c   Code   RO          387    i.MX_I2C1_Init      main.o
    0x08003190   0x08003190   0x000000f8   Code   RO          388    i.MX_TIM1_Init      main.o
    0x08003288   0x08003288   0x00000070   Code   RO          389    i.MX_TIM2_Init      main.o
    0x080032f8   0x080032f8   0x00000070   Code   RO          390    i.MX_TIM3_Init      main.o
    0x08003368   0x08003368   0x0000003c   Code   RO          741    i.MX_USB_DEVICE_Init  usb_device.o
    0x080033a4   0x080033a4   0x00000004   Code   RO          656    i.MemManage_Handler  stm32f1xx_it.o
    0x080033a8   0x080033a8   0x00000002   Code   RO          657    i.NMI_Handler       stm32f1xx_it.o
    0x080033aa   0x080033aa   0x00000002   PAD
    0x080033ac   0x080033ac   0x00000010   Code   RO         1883    i.NVIC_GetPriorityGrouping  stm32f1xx_hal_cortex.o
    0x080033bc   0x080033bc   0x00000028   Code   RO         1884    i.NVIC_SetPriority  stm32f1xx_hal_cortex.o
    0x080033e4   0x080033e4   0x00000444   Code   RO         3077    i.PCD_EP_ISR_Handler  stm32f1xx_hal_pcd.o
    0x08003828   0x08003828   0x00000002   Code   RO          658    i.PendSV_Handler    stm32f1xx_it.o
    0x0800382a   0x0800382a   0x00000002   PAD
    0x0800382c   0x0800382c   0x00000094   Code   RO          391    i.PlayMCMelody      main.o
    0x080038c0   0x080038c0   0x00000048   Code   RO          392    i.PlayNeverMeant    main.o
    0x08003908   0x08003908   0x00000028   Code   RO         3429    i.RCC_Delay         stm32f1xx_hal_rcc.o
    0x08003930   0x08003930   0x00000014   Code   RO          393    i.RGB_POWER         main.o
    0x08003944   0x08003944   0x00000002   Code   RO          659    i.SVC_Handler       stm32f1xx_it.o
    0x08003946   0x08003946   0x00000002   PAD
    0x08003948   0x08003948   0x00000014   Code   RO          394    i.SetBPM            main.o
    0x0800395c   0x0800395c   0x00000014   Code   RO          395    i.Stop              main.o
    0x08003970   0x08003970   0x00000008   Code   RO          660    i.SysTick_Handler   stm32f1xx_it.o
    0x08003978   0x08003978   0x00000088   Code   RO          396    i.SystemClock_Config  main.o
    0x08003a00   0x08003a00   0x00000058   Code   RO         1361    i.SystemInit        system_stm32f1xx.o
    0x08003a58   0x08003a58   0x00000010   Code   RO          397    i.TIM2_IRQHandler   main.o
    0x08003a68   0x08003a68   0x00000010   Code   RO          661    i.TIM3_IRQHandler   stm32f1xx_it.o
    0x08003a78   0x08003a78   0x00000074   Code   RO         3770    i.TIM_Base_SetConfig  stm32f1xx_hal_tim.o
    0x08003aec   0x08003aec   0x0000001c   Code   RO         3771    i.TIM_CCxChannelCmd  stm32f1xx_hal_tim.o
    0x08003b08   0x08003b08   0x00000018   Code   RO         3777    i.TIM_ETR_SetConfig  stm32f1xx_hal_tim.o
    0x08003b20   0x08003b20   0x00000014   Code   RO         3778    i.TIM_ITRx_SetConfig  stm32f1xx_hal_tim.o
    0x08003b34   0x08003b34   0x00000064   Code   RO         3779    i.TIM_OC1_SetConfig  stm32f1xx_hal_tim.o
    0x08003b98   0x08003b98   0x00000070   Code   RO         3780    i.TIM_OC2_SetConfig  stm32f1xx_hal_tim.o
    0x08003c08   0x08003c08   0x0000006c   Code   RO         3781    i.TIM_OC3_SetConfig  stm32f1xx_hal_tim.o
    0x08003c74   0x08003c74   0x00000050   Code   RO         3782    i.TIM_OC4_SetConfig  stm32f1xx_hal_tim.o
    0x08003cc4   0x08003cc4   0x0000002a   Code   RO         3784    i.TIM_TI1_ConfigInputStage  stm32f1xx_hal_tim.o
    0x08003cee   0x08003cee   0x0000002c   Code   RO         3786    i.TIM_TI2_ConfigInputStage  stm32f1xx_hal_tim.o
    0x08003d1a   0x08003d1a   0x0000000e   Code   RO          987    i.USBD_CUSTOM_HID_DataIn  usbd_customhid.o
    0x08003d28   0x08003d28   0x00000026   Code   RO          988    i.USBD_CUSTOM_HID_DataOut  usbd_customhid.o
    0x08003d4e   0x08003d4e   0x00000036   Code   RO          989    i.USBD_CUSTOM_HID_DeInit  usbd_customhid.o
    0x08003d84   0x08003d84   0x00000022   Code   RO          990    i.USBD_CUSTOM_HID_EP0_RxReady  usbd_customhid.o
    0x08003da6   0x08003da6   0x00000002   PAD
    0x08003da8   0x08003da8   0x00000010   Code   RO          991    i.USBD_CUSTOM_HID_GetCfgDesc  usbd_customhid.o
    0x08003db8   0x08003db8   0x00000010   Code   RO          992    i.USBD_CUSTOM_HID_GetDeviceQualifierDesc  usbd_customhid.o
    0x08003dc8   0x08003dc8   0x0000005a   Code   RO          993    i.USBD_CUSTOM_HID_Init  usbd_customhid.o
    0x08003e22   0x08003e22   0x0000000e   Code   RO          994    i.USBD_CUSTOM_HID_RegisterInterface  usbd_customhid.o
    0x08003e30   0x08003e30   0x00000154   Code   RO          996    i.USBD_CUSTOM_HID_Setup  usbd_customhid.o
    0x08003f84   0x08003f84   0x00000016   Code   RO         1064    i.USBD_ClrClassConfig  usbd_core.o
    0x08003f9a   0x08003f9a   0x00000044   Code   RO         1205    i.USBD_ClrFeature   usbd_ctlreq.o
    0x08003fde   0x08003fde   0x00000018   Code   RO         1300    i.USBD_CtlContinueRx  usbd_ioreq.o
    0x08003ff6   0x08003ff6   0x00000018   Code   RO         1301    i.USBD_CtlContinueSendData  usbd_ioreq.o
    0x0800400e   0x0800400e   0x00000018   Code   RO         1206    i.USBD_CtlError     usbd_ctlreq.o
    0x08004026   0x08004026   0x00000028   Code   RO         1302    i.USBD_CtlPrepareRx  usbd_ioreq.o
    0x0800404e   0x0800404e   0x0000001a   Code   RO         1303    i.USBD_CtlReceiveStatus  usbd_ioreq.o
    0x08004068   0x08004068   0x00000022   Code   RO         1304    i.USBD_CtlSendData  usbd_ioreq.o
    0x0800408a   0x0800408a   0x0000001a   Code   RO         1305    i.USBD_CtlSendStatus  usbd_ioreq.o
    0x080040a4   0x080040a4   0x0000003c   Code   RO          197    i.USBD_FS_ConfigStrDescriptor  usbd_desc.o
    0x080040e0   0x080040e0   0x00000010   Code   RO          198    i.USBD_FS_DeviceDescriptor  usbd_desc.o
    0x080040f0   0x080040f0   0x00000040   Code   RO          199    i.USBD_FS_InterfaceStrDescriptor  usbd_desc.o
    0x08004130   0x08004130   0x00000010   Code   RO          200    i.USBD_FS_LangIDStrDescriptor  usbd_desc.o
    0x08004140   0x08004140   0x00000024   Code   RO          201    i.USBD_FS_ManufacturerStrDescriptor  usbd_desc.o
    0x08004164   0x08004164   0x0000003c   Code   RO          202    i.USBD_FS_ProductStrDescriptor  usbd_desc.o
    0x080041a0   0x080041a0   0x00000038   Code   RO          203    i.USBD_FS_SerialStrDescriptor  usbd_desc.o
    0x080041d8   0x080041d8   0x00000050   Code   RO         1207    i.USBD_GetConfig    usbd_ctlreq.o
    0x08004228   0x08004228   0x00000150   Code   RO         1208    i.USBD_GetDescriptor  usbd_ctlreq.o
    0x08004378   0x08004378   0x00000014   Code   RO         1209    i.USBD_GetLen       usbd_ctlreq.o
    0x0800438c   0x0800438c   0x00000044   Code   RO         1210    i.USBD_GetStatus    usbd_ctlreq.o
    0x080043d0   0x080043d0   0x00000052   Code   RO         1211    i.USBD_GetString    usbd_ctlreq.o
    0x08004422   0x08004422   0x00000032   Code   RO         1066    i.USBD_Init         usbd_core.o
    0x08004454   0x08004454   0x00000014   Code   RO          793    i.USBD_LL_ClearStallEP  usbd_conf.o
    0x08004468   0x08004468   0x00000014   Code   RO          794    i.USBD_LL_CloseEP   usbd_conf.o
    0x0800447c   0x0800447c   0x000000da   Code   RO         1067    i.USBD_LL_DataInStage  usbd_core.o
    0x08004556   0x08004556   0x00000086   Code   RO         1068    i.USBD_LL_DataOutStage  usbd_core.o
    0x080045dc   0x080045dc   0x00000078   Code   RO          799    i.USBD_LL_Init      usbd_conf.o
    0x08004654   0x08004654   0x00000030   Code   RO          800    i.USBD_LL_IsStallEP  usbd_conf.o
    0x08004684   0x08004684   0x00000020   Code   RO          801    i.USBD_LL_OpenEP    usbd_conf.o
    0x080046a4   0x080046a4   0x00000020   Code   RO          802    i.USBD_LL_PrepareReceive  usbd_conf.o
    0x080046c4   0x080046c4   0x00000044   Code   RO         1073    i.USBD_LL_Reset     usbd_core.o
    0x08004708   0x08004708   0x0000000e   Code   RO         1074    i.USBD_LL_Resume    usbd_core.o
    0x08004716   0x08004716   0x00000022   Code   RO         1075    i.USBD_LL_SOF       usbd_core.o
    0x08004738   0x08004738   0x00000008   Code   RO         1076    i.USBD_LL_SetSpeed  usbd_core.o
    0x08004740   0x08004740   0x00000014   Code   RO          803    i.USBD_LL_SetUSBAddress  usbd_conf.o
    0x08004754   0x08004754   0x0000006e   Code   RO         1077    i.USBD_LL_SetupStage  usbd_core.o
    0x080047c2   0x080047c2   0x00000014   Code   RO          804    i.USBD_LL_StallEP   usbd_conf.o
    0x080047d6   0x080047d6   0x00000010   Code   RO          805    i.USBD_LL_Start     usbd_conf.o
    0x080047e6   0x080047e6   0x00000014   Code   RO         1078    i.USBD_LL_Suspend   usbd_core.o
    0x080047fa   0x080047fa   0x00000020   Code   RO          807    i.USBD_LL_Transmit  usbd_conf.o
    0x0800481a   0x0800481a   0x00000028   Code   RO         1212    i.USBD_ParseSetupRequest  usbd_ctlreq.o
    0x08004842   0x08004842   0x00000010   Code   RO         1079    i.USBD_RegisterClass  usbd_core.o
    0x08004852   0x08004852   0x00000006   Code   RO         1080    i.USBD_RunTestMode  usbd_core.o
    0x08004858   0x08004858   0x00000054   Code   RO         1213    i.USBD_SetAddress   usbd_ctlreq.o
    0x080048ac   0x080048ac   0x00000022   Code   RO         1081    i.USBD_SetClassConfig  usbd_core.o
    0x080048ce   0x080048ce   0x00000002   PAD
    0x080048d0   0x080048d0   0x000000e0   Code   RO         1214    i.USBD_SetConfig    usbd_ctlreq.o
    0x080049b0   0x080049b0   0x00000024   Code   RO         1215    i.USBD_SetFeature   usbd_ctlreq.o
    0x080049d4   0x080049d4   0x0000000e   Code   RO         1082    i.USBD_Start        usbd_core.o
    0x080049e2   0x080049e2   0x00000072   Code   RO         1216    i.USBD_StdDevReq    usbd_ctlreq.o
    0x08004a54   0x08004a54   0x00000156   Code   RO         1217    i.USBD_StdEPReq     usbd_ctlreq.o
    0x08004baa   0x08004baa   0x0000004a   Code   RO         1218    i.USBD_StdItfReq    usbd_ctlreq.o
    0x08004bf4   0x08004bf4   0x00000002   Code   RO          808    i.USBD_static_free  usbd_conf.o
    0x08004bf6   0x08004bf6   0x00000002   PAD
    0x08004bf8   0x08004bf8   0x0000000c   Code   RO          809    i.USBD_static_malloc  usbd_conf.o
    0x08004c04   0x08004c04   0x000003aa   Code   RO         4687    i.USB_ActivateEndpoint  stm32f1xx_ll_usb.o
    0x08004fae   0x08004fae   0x00000008   Code   RO         4690    i.USB_CoreInit      stm32f1xx_ll_usb.o
    0x08004fb6   0x08004fb6   0x00000214   Code   RO         4692    i.USB_DeactivateEndpoint  stm32f1xx_ll_usb.o
    0x080051ca   0x080051ca   0x00000006   Code   RO         4693    i.USB_DevConnect    stm32f1xx_ll_usb.o
    0x080051d0   0x080051d0   0x00000006   Code   RO         4694    i.USB_DevDisconnect  stm32f1xx_ll_usb.o
    0x080051d6   0x080051d6   0x0000001e   Code   RO         4695    i.USB_DevInit       stm32f1xx_ll_usb.o
    0x080051f4   0x080051f4   0x00000016   Code   RO         4696    i.USB_DisableGlobalInt  stm32f1xx_ll_usb.o
    0x0800520a   0x0800520a   0x00000006   Code   RO         4697    i.USB_EP0_OutStart  stm32f1xx_ll_usb.o
    0x08005210   0x08005210   0x000000b4   Code   RO         4698    i.USB_EPClearStall  stm32f1xx_ll_usb.o
    0x080052c4   0x080052c4   0x00000086   Code   RO         4699    i.USB_EPSetStall    stm32f1xx_ll_usb.o
    0x0800534a   0x0800534a   0x00000332   Code   RO         4700    i.USB_EPStartXfer   stm32f1xx_ll_usb.o
    0x0800567c   0x0800567c   0x00000016   Code   RO         4701    i.USB_EnableGlobalInt  stm32f1xx_ll_usb.o
    0x08005692   0x08005692   0x00000002   PAD
    0x08005694   0x08005694   0x00000010   Code   RO          662    i.USB_LP_CAN1_RX0_IRQHandler  stm32f1xx_it.o
    0x080056a4   0x080056a4   0x0000000a   Code   RO         4708    i.USB_ReadInterrupts  stm32f1xx_ll_usb.o
    0x080056ae   0x080056ae   0x00000028   Code   RO         4709    i.USB_ReadPMA       stm32f1xx_ll_usb.o
    0x080056d6   0x080056d6   0x00000006   Code   RO         4711    i.USB_SetCurrentMode  stm32f1xx_ll_usb.o
    0x080056dc   0x080056dc   0x0000000e   Code   RO         4712    i.USB_SetDevAddress  stm32f1xx_ll_usb.o
    0x080056ea   0x080056ea   0x00000042   Code   RO         4714    i.USB_WritePMA      stm32f1xx_ll_usb.o
    0x0800572c   0x0800572c   0x00000004   Code   RO          663    i.UsageFault_Handler  stm32f1xx_it.o
    0x08005730   0x08005730   0x00000144   Code   RO          398    i.main              main.o
    0x08005874   0x08005874   0x00000054   Code   RO          513    i.ssd1306_DrawPixel  ssd1306.o
    0x080058c8   0x080058c8   0x00000020   Code   RO          514    i.ssd1306_Fill      ssd1306.o
    0x080058e8   0x080058e8   0x000000a8   Code   RO          515    i.ssd1306_Init      ssd1306.o
    0x08005990   0x08005990   0x00000024   Code   RO          516    i.ssd1306_SendToDisplay  ssd1306.o
    0x080059b4   0x080059b4   0x0000000c   Code   RO          518    i.ssd1306_SetCursor  ssd1306.o
    0x080059c0   0x080059c0   0x0000003c   Code   RO          519    i.ssd1306_UpdateScreen  ssd1306.o
    0x080059fc   0x080059fc   0x000000b8   Code   RO          520    i.ssd1306_WriteChar  ssd1306.o
    0x08005ab4   0x08005ab4   0x00000022   Code   RO          521    i.ssd1306_WriteString  ssd1306.o
    0x08005ad6   0x08005ad6   0x00000597   Data   RO          365    .constdata          fonts.o
    0x0800606d   0x0800606d   0x00000018   Data   RO         1362    .constdata          system_stm32f1xx.o
    0x08006085   0x08006085   0x00000003   PAD
    0x08006088   0x08006088   0x00000020   Data   RO         5147    Region$$Table       anon$$obj.o


    Execution Region RW_IRAM1 (Exec base: 0x20000000, Load base: 0x080060a8, Size: 0x00003568, Max: 0x00005000, ABSOLUTE, COMPRESSED[0x00000214])

    Exec Addr    Load Addr    Size         Type   Attr      Idx    E Section Name        Object

    0x20000000   COMPRESSED   0x0000006a   Data   RW           12    .data               usbd_custom_hid_if.o
    0x2000006a   COMPRESSED   0x00000002   PAD
    0x2000006c   COMPRESSED   0x00000034   Data   RW          205    .data               usbd_desc.o
    0x200000a0   COMPRESSED   0x0000000c   Data   RW          366    .data               fonts.o
    0x200000ac   COMPRESSED   0x00000d4a   Data   RW          400    .data               main.o
    0x20000df6   COMPRESSED   0x00000002   PAD
    0x20000df8   COMPRESSED   0x0000007e   Data   RW          998    .data               usbd_customhid.o
    0x20000e76   COMPRESSED   0x00000001   Data   RW         1219    .data               usbd_ctlreq.o
    0x20000e77   COMPRESSED   0x00000001   PAD
    0x20000e78   COMPRESSED   0x00000004   Data   RW         1363    .data               system_stm32f1xx.o
    0x20000e7c   COMPRESSED   0x00000009   Data   RW         1420    .data               stm32f1xx_hal.o
    0x20000e85   COMPRESSED   0x00000003   PAD
    0x20000e88        -       0x00000200   Zero   RW          204    .bss                usbd_desc.o
    0x20001088        -       0x00000944   Zero   RW          399    .bss                main.o
    0x200019cc        -       0x00000460   Zero   RW          522    .bss                ssd1306.o
    0x20001e2c        -       0x00000224   Zero   RW          742    .bss                usb_device.o
    0x20002050        -       0x000004b8   Zero   RW          810    .bss                usbd_conf.o
    0x20002508        -       0x00000060   Zero   RW         5021    .bss                c_w.l(libspace.o)
    0x20002568        -       0x00000800   Zero   RW         4974    HEAP                startup_stm32f103xb.o
    0x20002d68        -       0x00000800   Zero   RW         4973    STACK               startup_stm32f103xb.o


==============================================================================

Image component sizes


      Code (inc. data)   RO Data    RW Data    ZI Data      Debug   Object Name

         0          0       1431         12          0        911   fonts.o
      1858        232          0       3402       2372      11021   main.o
       610         60          0          0       1120       5159   ssd1306.o
        64         26        236          0       4096        788   startup_stm32f103xb.o
       192         36          0          9          0       3809   stm32f1xx_hal.o
      1634         62          0          0          0       6983   stm32f1xx_hal_adc.o
       338         22          0          0          0      26777   stm32f1xx_hal_cortex.o
       812         32          0          0          0       2667   stm32f1xx_hal_gpio.o
      1516         32          0          0          0       7799   stm32f1xx_hal_i2c.o
       748         76          0          0          0       3803   stm32f1xx_hal_msp.o
      2428          0          0          0          0       9313   stm32f1xx_hal_pcd.o
        62          0          0          0          0       1170   stm32f1xx_hal_pcd_ex.o
      1772        108          0          0          0       5928   stm32f1xx_hal_rcc.o
       592         48          0          0          0       2401   stm32f1xx_hal_rcc_ex.o
      2062         42          0          0          0      18159   stm32f1xx_hal_tim.o
       228          0          0          0          0       3034   stm32f1xx_hal_tim_ex.o
        64         12          0          0          0       4717   stm32f1xx_it.o
      2838          0          0          0          0      13443   stm32f1xx_ll_usb.o
        88         18         24          4          0       1447   system_stm32f1xx.o
        60         16          0          0        548        728   usb_device.o
       634         34          0          0       1208      12593   usbd_conf.o
       748          0          0          0          0      14111   usbd_core.o
      1592         30          0          1          0      10400   usbd_ctlreq.o
       294         22          0        106          0     489384   usbd_custom_hid_if.o
       616         30          0        126          0       8830   usbd_customhid.o
       308        132          0         52        512       9455   usbd_desc.o
       174          0          0          0          0       4508   usbd_ioreq.o

    ----------------------------------------------------------------------
     22360       1070       1726       3720       9856     679338   Object Totals
         0          0         32          0          0          0   (incl. Generated)
        28          0          3          8          0          0   (incl. Padding)

    ----------------------------------------------------------------------

      Code (inc. data)   RO Data    RW Data    ZI Data      Debug   Library Member Name

        90          0          0          0          0          0   __dczerorl2.o
         8          0          0          0          0         68   __main.o
         0          0          0          0          0          0   __rtentry.o
        12          0          0          0          0          0   __rtentry2.o
         6          0          0          0          0          0   __rtentry4.o
        52          8          0          0          0          0   __scatter.o
        28          0          0          0          0          0   __scatter_zi.o
        18          0          0          0          0         80   exit.o
         6          0          0          0          0        152   heapauxi.o
         0          0          0          0          0          0   indicate_semi.o
         2          0          0          0          0          0   libinit.o
         2          0          0          0          0          0   libinit2.o
         2          0          0          0          0          0   libshutdown.o
         2          0          0          0          0          0   libshutdown2.o
         8          4          0          0         96         68   libspace.o
        78          0          0          0          0         80   rt_memclr_w.o
       138          0          0          0          0         68   rt_memcpy_v6.o
       100          0          0          0          0         80   rt_memcpy_w.o
         2          0          0          0          0          0   rtexit.o
        10          0          0          0          0          0   rtexit2.o
        12          4          0          0          0         68   sys_exit.o
        74          0          0          0          0         80   sys_stackheap_outer.o
         2          0          0          0          0         68   use_no_semi.o

    ----------------------------------------------------------------------
       658         16          0          0         96        812   Library Totals
         6          0          0          0          0          0   (incl. Padding)

    ----------------------------------------------------------------------

      Code (inc. data)   RO Data    RW Data    ZI Data      Debug   Library Name

       652         16          0          0         96        812   c_w.l

    ----------------------------------------------------------------------
       658         16          0          0         96        812   Library Totals

    ----------------------------------------------------------------------

==============================================================================


      Code (inc. data)   RO Data    RW Data    ZI Data      Debug   

     23018       1086       1726       3720       9952     668706   Grand Totals
     23018       1086       1726        532       9952     668706   ELF Image Totals (compressed)
     23018       1086       1726        532          0          0   ROM Totals

==============================================================================

    Total RO  Size (Code + RO Data)                24744 (  24.16kB)
    Total RW  Size (RW Data + ZI Data)             13672 (  13.35kB)
    Total ROM Size (Code + RO Data + RW Data)      25276 (  24.68kB)

==============================================================================

